###############################################################################
#
# IAR ELF Linker V8.20.1.14183/W32 for ARM                09/Mar/2019  16:18:08
# Copyright 2007-2017 IAR Systems AB.
#
#    Output file  =  
#        C:\Users\r1219\Desktop\3SL Node Code with Packet
#        Rectified\3SL_Node_with_comm_packet_v5(cloud_response_modified_dim_led)
#        -
#        Moified_30_09_2018\LT.LED0038.16_FW\EWARM\HRTIM_test_master\Exe\HRTIM_test_master.out
#    Map file     =  
#        C:\Users\r1219\Desktop\3SL Node Code with Packet
#        Rectified\3SL_Node_with_comm_packet_v5(cloud_response_modified_dim_led)
#        -
#        Moified_30_09_2018\LT.LED0038.16_FW\EWARM\HRTIM_test_master\List\HRTIM_test_master.map
#    Command line =  
#        -f C:\Users\r1219\AppData\Local\Temp\EWEFB9.tmp
#        ("C:\Users\r1219\Desktop\3SL Node Code with Packet
#        Rectified\3SL_Node_with_comm_packet_v5(cloud_response_modified_dim_led)
#        -
#        Moified_30_09_2018\LT.LED0038.16_FW\EWARM\HRTIM_test_master\Obj\ac_dc_ld.o"
#        "C:\Users\r1219\Desktop\3SL Node Code with Packet
#        Rectified\3SL_Node_with_comm_packet_v5(cloud_response_modified_dim_led)
#        -
#        Moified_30_09_2018\LT.LED0038.16_FW\EWARM\HRTIM_test_master\Obj\battery.o"
#        "C:\Users\r1219\Desktop\3SL Node Code with Packet
#        Rectified\3SL_Node_with_comm_packet_v5(cloud_response_modified_dim_led)
#        -
#        Moified_30_09_2018\LT.LED0038.16_FW\EWARM\HRTIM_test_master\Obj\buzzer.o"
#        "C:\Users\r1219\Desktop\3SL Node Code with Packet
#        Rectified\3SL_Node_with_comm_packet_v5(cloud_response_modified_dim_led)
#        -
#        Moified_30_09_2018\LT.LED0038.16_FW\EWARM\HRTIM_test_master\Obj\connectivity.o"
#        "C:\Users\r1219\Desktop\3SL Node Code with Packet
#        Rectified\3SL_Node_with_comm_packet_v5(cloud_response_modified_dim_led)
#        -
#        Moified_30_09_2018\LT.LED0038.16_FW\EWARM\HRTIM_test_master\Obj\dc_dc_ld.o"
#        "C:\Users\r1219\Desktop\3SL Node Code with Packet
#        Rectified\3SL_Node_with_comm_packet_v5(cloud_response_modified_dim_led)
#        -
#        Moified_30_09_2018\LT.LED0038.16_FW\EWARM\HRTIM_test_master\Obj\led.o"
#        "C:\Users\r1219\Desktop\3SL Node Code with Packet
#        Rectified\3SL_Node_with_comm_packet_v5(cloud_response_modified_dim_led)
#        -
#        Moified_30_09_2018\LT.LED0038.16_FW\EWARM\HRTIM_test_master\Obj\main.o"
#        "C:\Users\r1219\Desktop\3SL Node Code with Packet
#        Rectified\3SL_Node_with_comm_packet_v5(cloud_response_modified_dim_led)
#        -
#        Moified_30_09_2018\LT.LED0038.16_FW\EWARM\HRTIM_test_master\Obj\mppt.o"
#        "C:\Users\r1219\Desktop\3SL Node Code with Packet
#        Rectified\3SL_Node_with_comm_packet_v5(cloud_response_modified_dim_led)
#        -
#        Moified_30_09_2018\LT.LED0038.16_FW\EWARM\HRTIM_test_master\Obj\panel.o"
#        "C:\Users\r1219\Desktop\3SL Node Code with Packet
#        Rectified\3SL_Node_with_comm_packet_v5(cloud_response_modified_dim_led)
#        -
#        Moified_30_09_2018\LT.LED0038.16_FW\EWARM\HRTIM_test_master\Obj\startup_stm32f334x8.o"
#        "C:\Users\r1219\Desktop\3SL Node Code with Packet
#        Rectified\3SL_Node_with_comm_packet_v5(cloud_response_modified_dim_led)
#        -
#        Moified_30_09_2018\LT.LED0038.16_FW\EWARM\HRTIM_test_master\Obj\state.o"
#        "C:\Users\r1219\Desktop\3SL Node Code with Packet
#        Rectified\3SL_Node_with_comm_packet_v5(cloud_response_modified_dim_led)
#        -
#        Moified_30_09_2018\LT.LED0038.16_FW\EWARM\HRTIM_test_master\Obj\stm32f3xx_hal.o"
#        "C:\Users\r1219\Desktop\3SL Node Code with Packet
#        Rectified\3SL_Node_with_comm_packet_v5(cloud_response_modified_dim_led)
#        -
#        Moified_30_09_2018\LT.LED0038.16_FW\EWARM\HRTIM_test_master\Obj\stm32f3xx_hal_adc.o"
#        "C:\Users\r1219\Desktop\3SL Node Code with Packet
#        Rectified\3SL_Node_with_comm_packet_v5(cloud_response_modified_dim_led)
#        -
#        Moified_30_09_2018\LT.LED0038.16_FW\EWARM\HRTIM_test_master\Obj\stm32f3xx_hal_adc_ex.o"
#        "C:\Users\r1219\Desktop\3SL Node Code with Packet
#        Rectified\3SL_Node_with_comm_packet_v5(cloud_response_modified_dim_led)
#        -
#        Moified_30_09_2018\LT.LED0038.16_FW\EWARM\HRTIM_test_master\Obj\stm32f3xx_hal_cortex.o"
#        "C:\Users\r1219\Desktop\3SL Node Code with Packet
#        Rectified\3SL_Node_with_comm_packet_v5(cloud_response_modified_dim_led)
#        -
#        Moified_30_09_2018\LT.LED0038.16_FW\EWARM\HRTIM_test_master\Obj\stm32f3xx_hal_dma.o"
#        "C:\Users\r1219\Desktop\3SL Node Code with Packet
#        Rectified\3SL_Node_with_comm_packet_v5(cloud_response_modified_dim_led)
#        -
#        Moified_30_09_2018\LT.LED0038.16_FW\EWARM\HRTIM_test_master\Obj\stm32f3xx_hal_flash.o"
#        "C:\Users\r1219\Desktop\3SL Node Code with Packet
#        Rectified\3SL_Node_with_comm_packet_v5(cloud_response_modified_dim_led)
#        -
#        Moified_30_09_2018\LT.LED0038.16_FW\EWARM\HRTIM_test_master\Obj\stm32f3xx_hal_flash_ex.o"
#        "C:\Users\r1219\Desktop\3SL Node Code with Packet
#        Rectified\3SL_Node_with_comm_packet_v5(cloud_response_modified_dim_led)
#        -
#        Moified_30_09_2018\LT.LED0038.16_FW\EWARM\HRTIM_test_master\Obj\stm32f3xx_hal_gpio.o"
#        "C:\Users\r1219\Desktop\3SL Node Code with Packet
#        Rectified\3SL_Node_with_comm_packet_v5(cloud_response_modified_dim_led)
#        -
#        Moified_30_09_2018\LT.LED0038.16_FW\EWARM\HRTIM_test_master\Obj\stm32f3xx_hal_hrtim.o"
#        "C:\Users\r1219\Desktop\3SL Node Code with Packet
#        Rectified\3SL_Node_with_comm_packet_v5(cloud_response_modified_dim_led)
#        -
#        Moified_30_09_2018\LT.LED0038.16_FW\EWARM\HRTIM_test_master\Obj\stm32f3xx_hal_msp.o"
#        "C:\Users\r1219\Desktop\3SL Node Code with Packet
#        Rectified\3SL_Node_with_comm_packet_v5(cloud_response_modified_dim_led)
#        -
#        Moified_30_09_2018\LT.LED0038.16_FW\EWARM\HRTIM_test_master\Obj\stm32f3xx_hal_pwr.o"
#        "C:\Users\r1219\Desktop\3SL Node Code with Packet
#        Rectified\3SL_Node_with_comm_packet_v5(cloud_response_modified_dim_led)
#        -
#        Moified_30_09_2018\LT.LED0038.16_FW\EWARM\HRTIM_test_master\Obj\stm32f3xx_hal_pwr_ex.o"
#        "C:\Users\r1219\Desktop\3SL Node Code with Packet
#        Rectified\3SL_Node_with_comm_packet_v5(cloud_response_modified_dim_led)
#        -
#        Moified_30_09_2018\LT.LED0038.16_FW\EWARM\HRTIM_test_master\Obj\stm32f3xx_hal_rcc.o"
#        "C:\Users\r1219\Desktop\3SL Node Code with Packet
#        Rectified\3SL_Node_with_comm_packet_v5(cloud_response_modified_dim_led)
#        -
#        Moified_30_09_2018\LT.LED0038.16_FW\EWARM\HRTIM_test_master\Obj\stm32f3xx_hal_rcc_ex.o"
#        "C:\Users\r1219\Desktop\3SL Node Code with Packet
#        Rectified\3SL_Node_with_comm_packet_v5(cloud_response_modified_dim_led)
#        -
#        Moified_30_09_2018\LT.LED0038.16_FW\EWARM\HRTIM_test_master\Obj\stm32f3xx_hal_rtc.o"
#        "C:\Users\r1219\Desktop\3SL Node Code with Packet
#        Rectified\3SL_Node_with_comm_packet_v5(cloud_response_modified_dim_led)
#        -
#        Moified_30_09_2018\LT.LED0038.16_FW\EWARM\HRTIM_test_master\Obj\stm32f3xx_hal_rtc_ex.o"
#        "C:\Users\r1219\Desktop\3SL Node Code with Packet
#        Rectified\3SL_Node_with_comm_packet_v5(cloud_response_modified_dim_led)
#        -
#        Moified_30_09_2018\LT.LED0038.16_FW\EWARM\HRTIM_test_master\Obj\stm32f3xx_hal_tim.o"
#        "C:\Users\r1219\Desktop\3SL Node Code with Packet
#        Rectified\3SL_Node_with_comm_packet_v5(cloud_response_modified_dim_led)
#        -
#        Moified_30_09_2018\LT.LED0038.16_FW\EWARM\HRTIM_test_master\Obj\stm32f3xx_hal_tim_ex.o"
#        "C:\Users\r1219\Desktop\3SL Node Code with Packet
#        Rectified\3SL_Node_with_comm_packet_v5(cloud_response_modified_dim_led)
#        -
#        Moified_30_09_2018\LT.LED0038.16_FW\EWARM\HRTIM_test_master\Obj\stm32f3xx_hal_uart.o"
#        "C:\Users\r1219\Desktop\3SL Node Code with Packet
#        Rectified\3SL_Node_with_comm_packet_v5(cloud_response_modified_dim_led)
#        -
#        Moified_30_09_2018\LT.LED0038.16_FW\EWARM\HRTIM_test_master\Obj\stm32f3xx_hal_uart_ex.o"
#        "C:\Users\r1219\Desktop\3SL Node Code with Packet
#        Rectified\3SL_Node_with_comm_packet_v5(cloud_response_modified_dim_led)
#        -
#        Moified_30_09_2018\LT.LED0038.16_FW\EWARM\HRTIM_test_master\Obj\stm32f3xx_hal_wwdg.o"
#        "C:\Users\r1219\Desktop\3SL Node Code with Packet
#        Rectified\3SL_Node_with_comm_packet_v5(cloud_response_modified_dim_led)
#        -
#        Moified_30_09_2018\LT.LED0038.16_FW\EWARM\HRTIM_test_master\Obj\stm32f3xx_it.o"
#        "C:\Users\r1219\Desktop\3SL Node Code with Packet
#        Rectified\3SL_Node_with_comm_packet_v5(cloud_response_modified_dim_led)
#        -
#        Moified_30_09_2018\LT.LED0038.16_FW\EWARM\HRTIM_test_master\Obj\system.o"
#        "C:\Users\r1219\Desktop\3SL Node Code with Packet
#        Rectified\3SL_Node_with_comm_packet_v5(cloud_response_modified_dim_led)
#        -
#        Moified_30_09_2018\LT.LED0038.16_FW\EWARM\HRTIM_test_master\Obj\system_stm32f3xx.o"
#        --redirect _Printf=_PrintfFull --redirect _Scanf=_ScanfFull -o
#        "C:\Users\r1219\Desktop\3SL Node Code with Packet
#        Rectified\3SL_Node_with_comm_packet_v5(cloud_response_modified_dim_led)
#        -
#        Moified_30_09_2018\LT.LED0038.16_FW\EWARM\HRTIM_test_master\Exe\HRTIM_test_master.out"
#        --map "C:\Users\r1219\Desktop\3SL Node Code with Packet
#        Rectified\3SL_Node_with_comm_packet_v5(cloud_response_modified_dim_led)
#        -
#        Moified_30_09_2018\LT.LED0038.16_FW\EWARM\HRTIM_test_master\List\HRTIM_test_master.map"
#        --config "C:\Users\r1219\Desktop\3SL Node Code with Packet
#        Rectified\3SL_Node_with_comm_packet_v5(cloud_response_modified_dim_led)
#        - Moified_30_09_2018\LT.LED0038.16_FW\EWARM/stm32f334x8_flash.icf"
#        --semihosting --entry __iar_program_start --vfe --text_out locale)
#
###############################################################################

*******************************************************************************
*** RUNTIME MODEL ATTRIBUTES
***

CppFlavor       = *
__SystemLibrary = DLib
__dlib_version  = 6


*******************************************************************************
*** HEAP SELECTION
***

The basic heap was selected because no calls to memory allocation
functions were found in the application outside of system library
functions, and there are calls to deallocation functions in the
application.


*******************************************************************************
*** PLACEMENT SUMMARY
***

"A0":  place at 0x08000000 { ro section .intvec };
"P1":  place in [from 0x08000000 to 0x0800ffff] { ro };
define block CSTACK with size = 512, alignment = 8 { };
define block HEAP with size = 1K, alignment = 8 { };
"P2":  place in [from 0x20000000 to 0x20002fff] {
          rw, block CSTACK, block HEAP };
initialize by copy { rw };

  Section            Kind        Address    Size  Object
  -------            ----        -------    ----  ------
"A0":                                      0x188
  .intvec            ro code  0x08000000   0x188  startup_stm32f334x8.o [1]
                            - 0x08000188   0x188

"P1":                                     0x5a1b
  .text              ro code  0x08000188  0x1024  stm32f3xx_hal_adc_ex.o [1]
  .text              ro code  0x080011ac   0x378  stm32f3xx_hal_msp.o [1]
  .text              ro code  0x08001524   0x204  stm32f3xx_hal_dma.o [1]
  .text              ro code  0x08001728     0xc  stm32f3xx_hal.o [1]
  .text              ro code  0x08001734     0x2  stm32f3xx_hal_adc.o [1]
  .text              ro code  0x08001736     0x2  stm32f3xx_hal_adc.o [1]
  .text              ro code  0x08001738     0x2  stm32f3xx_hal_adc.o [1]
  .text              ro code  0x0800173c    0xf4  stm32f3xx_hal_cortex.o [1]
  .text              ro code  0x08001830   0x2c0  stm32f3xx_hal_gpio.o [1]
  .text              ro code  0x08001af0   0xe84  system.o [1]
  .text              ro code  0x08002974   0x658  stm32f3xx_hal_rcc.o [1]
  .text              ro code  0x08002fcc   0x134  stm32f3xx_hal_rcc_ex.o [1]
  .text              ro code  0x08003100   0x564  stm32f3xx_hal_tim.o [1]
  .text              ro code  0x08003664   0x278  stm32f3xx_hal_tim_ex.o [1]
  .text              ro code  0x080038dc    0x96  stm32f3xx_hal_wwdg.o [1]
  .text              ro code  0x08003974    0x1c  stm32f3xx_hal.o [1]
  .text              ro code  0x08003990   0x724  stm32f3xx_hal_hrtim.o [1]
  .text              ro code  0x080040b4   0x38c  stm32f3xx_hal_uart.o [1]
  .text              ro code  0x08004440    0xec  battery.o [1]
  .text              ro code  0x0800452c    0x54  panel.o [1]
  .text              ro code  0x08004580    0x4c  dc_dc_ld.o [1]
  .text              ro code  0x080045cc    0x1a  U32ToDbl.o [4]
  .text              ro code  0x080045e8   0x1a2  DblMul.o [4]
  .text              ro code  0x0800478c    0x3a  DblToS32.o [4]
  .text              ro code  0x080047c8   0x314  connectivity.o [1]
  .text              ro code  0x08004adc    0x3c  led.o [1]
  .text              ro code  0x08004b18    0x28  stm32f3xx_hal.o [1]
  .text              ro code  0x08004b40     0x2  stm32f3xx_hal_uart.o [1]
  .text              ro code  0x08004b44    0x22  S32ToDbl.o [4]
  .text              ro code  0x08004b68   0x178  DblAdd.o [4]
  .text              ro code  0x08004ce0    0xd2  DblSub.o [4]
  .text              ro code  0x08004db4   0x854  state.o [1]
  .text              ro code  0x08005608    0x2c  ac_dc_ld.o [1]
  .text              ro code  0x08005634   0x12c  mppt.o [1]
  .text              ro code  0x08005760    0x70  stm32f3xx_it.o [1]
  .text              ro code  0x080057d0    0x10  stm32f3xx_hal.o [1]
  .text              ro code  0x080057e0    0x70  system_stm32f3xx.o [1]
  .text              ro code  0x08005850    0x58  main.o [1]
  .text              ro code  0x080058a8    0x28  stm32f3xx_hal.o [1]
  .text              ro code  0x080058d0    0x40  zero_init3.o [5]
  .text              ro code  0x08005910    0x38  packbits_init_single.o [5]
  .text              ro code  0x08005948    0x28  data_init.o [5]
  .text              ro code  0x08005970    0x22  fpinit_M.o [4]
  .iar.init_table    const    0x08005994    0x20  - Linker created -
  .text              ro code  0x080059b4    0x1e  cmain.o [5]
  .text              ro code  0x080059d2     0x4  low_level_init.o [3]
  .text              ro code  0x080059d6     0x4  exit.o [3]
  .text              ro code  0x080059dc     0xa  cexit.o [5]
  .text              ro code  0x080059e8    0x14  exit.o [6]
  .text              ro code  0x080059fc    0x10  startup_stm32f334x8.o [1]
  .text              ro code  0x08005a0c     0xc  cstartup_M.o [5]
  .text              ro code  0x08005a18     0x4  startup_stm32f334x8.o [1]
  .text              ro code  0x08005a1c     0x4  startup_stm32f334x8.o [1]
  .text              ro code  0x08005a20     0x4  startup_stm32f334x8.o [1]
  .text              ro code  0x08005a24     0x4  startup_stm32f334x8.o [1]
  .text              ro code  0x08005a28     0x4  startup_stm32f334x8.o [1]
  .text              ro code  0x08005a2c     0x4  startup_stm32f334x8.o [1]
  .text              ro code  0x08005a30     0x4  startup_stm32f334x8.o [1]
  .text              ro code  0x08005a34     0x4  startup_stm32f334x8.o [1]
  .text              ro code  0x08005a38     0x4  startup_stm32f334x8.o [1]
  .text              ro code  0x08005a3c     0x4  startup_stm32f334x8.o [1]
  .text              ro code  0x08005a40     0x4  startup_stm32f334x8.o [1]
  .text              ro code  0x08005a44     0x4  startup_stm32f334x8.o [1]
  .text              ro code  0x08005a48     0x4  startup_stm32f334x8.o [1]
  .text              ro code  0x08005a4c     0x4  startup_stm32f334x8.o [1]
  .text              ro code  0x08005a50     0x4  startup_stm32f334x8.o [1]
  .text              ro code  0x08005a54     0x4  startup_stm32f334x8.o [1]
  .text              ro code  0x08005a58     0x4  startup_stm32f334x8.o [1]
  .text              ro code  0x08005a5c     0x4  startup_stm32f334x8.o [1]
  .text              ro code  0x08005a60     0x4  startup_stm32f334x8.o [1]
  .text              ro code  0x08005a64     0x4  startup_stm32f334x8.o [1]
  .text              ro code  0x08005a68     0x4  startup_stm32f334x8.o [1]
  .text              ro code  0x08005a6c     0x4  startup_stm32f334x8.o [1]
  .text              ro code  0x08005a70     0x4  startup_stm32f334x8.o [1]
  .text              ro code  0x08005a74     0x4  startup_stm32f334x8.o [1]
  .text              ro code  0x08005a78     0x4  startup_stm32f334x8.o [1]
  .text              ro code  0x08005a7c     0x4  startup_stm32f334x8.o [1]
  .text              ro code  0x08005a80     0x4  startup_stm32f334x8.o [1]
  .text              ro code  0x08005a84     0x4  startup_stm32f334x8.o [1]
  .text              ro code  0x08005a88     0x4  startup_stm32f334x8.o [1]
  .text              ro code  0x08005a8c     0x4  startup_stm32f334x8.o [1]
  .text              ro code  0x08005a90     0x4  startup_stm32f334x8.o [1]
  .text              ro code  0x08005a94     0x4  startup_stm32f334x8.o [1]
  .text              ro code  0x08005a98     0x4  startup_stm32f334x8.o [1]
  .text              ro code  0x08005a9c     0x4  startup_stm32f334x8.o [1]
  .text              ro code  0x08005aa0     0x4  startup_stm32f334x8.o [1]
  .text              ro code  0x08005aa4     0x4  startup_stm32f334x8.o [1]
  .text              ro code  0x08005aa8     0x4  startup_stm32f334x8.o [1]
  .text              ro code  0x08005aac     0x4  startup_stm32f334x8.o [1]
  .text              ro code  0x08005ab0     0x4  startup_stm32f334x8.o [1]
  .text              ro code  0x08005ab4     0x4  startup_stm32f334x8.o [1]
  .text              ro code  0x08005ab8     0x4  startup_stm32f334x8.o [1]
  .text              ro code  0x08005abc     0x4  startup_stm32f334x8.o [1]
  .text              ro code  0x08005ac0     0x4  startup_stm32f334x8.o [1]
  .text              ro code  0x08005ac4     0x4  startup_stm32f334x8.o [1]
  .text              ro code  0x08005ac8     0x4  startup_stm32f334x8.o [1]
  .text              ro code  0x08005acc     0x4  startup_stm32f334x8.o [1]
  .text              ro code  0x08005ad0     0x4  startup_stm32f334x8.o [1]
  .text              ro code  0x08005ad4     0x4  startup_stm32f334x8.o [1]
  .text              ro code  0x08005ad8     0x4  startup_stm32f334x8.o [1]
  .text              ro code  0x08005adc     0x4  startup_stm32f334x8.o [1]
  .text              ro code  0x08005ae0     0x4  startup_stm32f334x8.o [1]
  .text              ro code  0x08005ae4     0x4  startup_stm32f334x8.o [1]
  .text              ro code  0x08005ae8     0x4  startup_stm32f334x8.o [1]
  .rodata            const    0x08005aec     0x0  zero_init3.o [5]
  .rodata            const    0x08005aec     0x0  packbits_init_single.o [5]
  Initializer bytes  const    0x08005aec    0xb7  <for P2-1>
                            - 0x08005ba3  0x5a1b

"P2", part 1 of 3:                         0xbc4
  P2-1                        0x20000000   0xbc4  <Init block>
    .data            inited   0x20000000     0x4  led.o [1]
    .data            inited   0x20000004   0x7e0  mppt.o [1]
    .data            inited   0x200007e4    0x54  state.o [1]
    .data            inited   0x20000838   0x2ec  system.o [1]
    .data            inited   0x20000b24    0x84  system.o [1]
    .data            inited   0x20000ba8     0x4  system_stm32f3xx.o [1]
    .data            inited   0x20000bac     0x2  battery.o [1]
    .data            inited   0x20000bae     0x2  battery.o [1]
    .data            inited   0x20000bb0     0xa  battery.o [1]
    .data            inited   0x20000bba     0x2  battery.o [1]
    .data            inited   0x20000bbc     0x2  battery.o [1]
    .data            inited   0x20000bbe     0x2  panel.o [1]
    .data            inited   0x20000bc0     0x2  panel.o [1]
    .data            inited   0x20000bc2     0x1  battery.o [1]
    .data            inited   0x20000bc3     0x1  panel.o [1]
                            - 0x20000bc4   0xbc4

"P2", part 2 of 3:                         0x8ac
  .bss               zero     0x20000bc4   0x80c  connectivity.o [1]
  .bss               zero     0x200013d0    0x90  system.o [1]
  .bss               zero     0x20001460     0x4  dc_dc_ld.o [1]
  .bss               zero     0x20001464     0x4  stm32f3xx_hal.o [1]
  .bss               zero     0x20001468     0x2  battery.o [1]
  .bss               zero     0x2000146a     0x2  panel.o [1]
  .bss               zero     0x2000146c     0x1  ac_dc_ld.o [1]
  .bss               zero     0x2000146d     0x1  led.o [1]
  .bss               zero     0x2000146e     0x1  system.o [1]
  .bss               zero     0x2000146f     0x1  system.o [1]
                            - 0x20001470   0x8ac

"P2", part 3 of 3:                         0x200
  CSTACK                      0x20001470   0x200  <Block>
    CSTACK           uninit   0x20001470   0x200  <Block tail>
                            - 0x20001670   0x200


*******************************************************************************
*** INIT TABLE
***

          Address     Size
          -------     ----
Zero (__iar_zero_init3)
    1 destination range, total size 0x8ac:
          0x20000bc4  0x8ac

Copy/packbits (__iar_packbits_init_single3)
    1 source range, total size 0xb7 (6% of destination):
          0x08005aec   0xb7
    1 destination range, total size 0xbc4:
          0x20000000  0xbc4



*******************************************************************************
*** MODULE SUMMARY
***

    Module                  ro code  ro data  rw data
    ------                  -------  -------  -------
C:\Users\r1219\Desktop\3SL Node Code with Packet Rectified\3SL_Node_with_comm_packet_v5(cloud_response_modified_dim_led) - Moified_30_09_2018\LT.LED0038.16_FW\EWARM\HRTIM_test_master\Obj: [1]
    ac_dc_ld.o                   44                 1
    battery.o                   236        1       21
    connectivity.o              788             2 060
    dc_dc_ld.o                   76                 4
    led.o                        60                 5
    main.o                       88
    mppt.o                      300      122    2 016
    panel.o                      84        1        7
    startup_stm32f334x8.o       620
    state.o                   2 132        5       84
    stm32f3xx_hal.o             136                 4
    stm32f3xx_hal_adc.o           6
    stm32f3xx_hal_adc_ex.o    4 132
    stm32f3xx_hal_cortex.o      244
    stm32f3xx_hal_dma.o         516
    stm32f3xx_hal_gpio.o        704
    stm32f3xx_hal_hrtim.o     1 828
    stm32f3xx_hal_msp.o         888
    stm32f3xx_hal_rcc.o       1 624
    stm32f3xx_hal_rcc_ex.o      308
    stm32f3xx_hal_tim.o       1 380
    stm32f3xx_hal_tim_ex.o      632
    stm32f3xx_hal_uart.o        910
    stm32f3xx_hal_wwdg.o        150
    stm32f3xx_it.o              112
    system.o                  3 716       54    1 026
    system_stm32f3xx.o          112                 4
    -------------------------------------------------
    Total:                   21 826      183    5 232

command line: [2]
    -------------------------------------------------
    Total:

dl7M_tlf.a: [3]
    exit.o                        4
    low_level_init.o              4
    -------------------------------------------------
    Total:                        8

m7M_tls.a: [4]
    DblAdd.o                    376
    DblMul.o                    418
    DblSub.o                    210
    DblToS32.o                   58
    S32ToDbl.o                   34
    U32ToDbl.o                   26
    fpinit_M.o                   34
    -------------------------------------------------
    Total:                    1 156

rt7M_tl.a: [5]
    cexit.o                      10
    cmain.o                      30
    cstartup_M.o                 12
    data_init.o                  40
    packbits_init_single.o       56
    zero_init3.o                 64
    -------------------------------------------------
    Total:                      212

shb_l.a: [6]
    exit.o                       20
    -------------------------------------------------
    Total:                       20

    Gaps                         20        2
    Linker created                        32      512
-----------------------------------------------------
    Grand Total:             23 242      217    5 744


*******************************************************************************
*** ENTRY LIST
***

Entry                      Address   Size  Type      Object
-----                      -------   ----  ----      ------
.iar.init_table$$Base   0x08005994          --   Gb  - Linker created -
.iar.init_table$$Limit  0x080059b4          --   Gb  - Linker created -
?main                   0x080059b5         Code  Gb  cmain.o [5]
ADC1_2_IRQHandler       0x08005775   0x1a  Code  Gb  stm32f3xx_it.o [1]
ADC_ConversionStop      0x080010e7   0xb0  Code  Lc  stm32f3xx_hal_adc_ex.o [1]
ADC_DMAConvCplt         0x08000fc7   0x44  Code  Lc  stm32f3xx_hal_adc_ex.o [1]
ADC_DMAError            0x08001011   0x16  Code  Lc  stm32f3xx_hal_adc_ex.o [1]
ADC_DMAHalfConvCplt     0x0800100b    0x6  Code  Lc  stm32f3xx_hal_adc_ex.o [1]
ADC_Disable             0x08001083   0x64  Code  Lc  stm32f3xx_hal_adc_ex.o [1]
ADC_Enable              0x08001027   0x5c  Code  Lc  stm32f3xx_hal_adc_ex.o [1]
AcDcCcrPeriod           0x20000acc    0x4  Data  Gb  system.o [1]
AdcRegV                 0x200008c8   0x18  Data  Gb  system.o [1]
BattChargingCurrent     0x20001468    0x2  Data  Gb  battery.o [1]
BattCurrK               0x20000af4    0x4  Data  Gb  system.o [1]
BattDischgCurrent       0x20000a98    0x1  Data  Gb  system.o [1]
BattFltCurrent          0x20000bba    0x2  Data  Gb  battery.o [1]
BattFltVoltage          0x20000bb0    0x2  Data  Gb  battery.o [1]
BattFltVoltage_TC       0x20000bb2    0x2  Data  Gb  battery.o [1]
BattMaxChargingCurrent  0x20000bbc    0x2  Data  Gb  battery.o [1]
BattMaxVoltage          0x20000bb4    0x2  Data  Gb  battery.o [1]
BattMaxVoltage_TC       0x20000bb6    0x2  Data  Gb  battery.o [1]
BattMinDischrgVoltage   0x20000bae    0x2  Data  Gb  battery.o [1]
BattMinVoltage          0x20000bac    0x2  Data  Gb  battery.o [1]
BattVoltage             0x20000bb8    0x2  Data  Gb  battery.o [1]
Batt_Tick_10            0x20000b94    0x1  Data  Gb  system.o [1]
Batt_Tick_1000s         0x20000b95    0x1  Data  Gb  system.o [1]
CSTACK$$Base            0x20001470          --   Gb  - Linker created -
CSTACK$$Limit           0x20001670          --   Gb  - Linker created -
CurrentState_Conn       0x200007ea    0x1  Data  Gb  state.o [1]
CurrentState_LED        0x200007e8    0x1  Data  Gb  state.o [1]
CurrentState_SCC        0x200007e9    0x1  Data  Gb  state.o [1]
DMA1_Channel1_IRQHandler
                        0x08005773    0x2  Code  Gb  stm32f3xx_it.o [1]
DcDcBoostPeriod         0x20000ab8    0x4  Data  Gb  system.o [1]
DcDcLdDutyChange        0x20000abc    0x4  Data  Gb  system.o [1]
DcDcLdDutyPeriod        0x20000ac0    0x4  Data  Gb  system.o [1]
DcDcLdMaxDutyPeriod     0x20000ac4    0x4  Data  Gb  system.o [1]
DcDcLdMinDutyPeriod     0x20000ac8    0x4  Data  Gb  system.o [1]
DcDcLdOutVoltage        0x20001462    0x2  Data  Gb  dc_dc_ld.o [1]
Flag_ReadPacketData     0x200013b8    0x1  Data  Gb  connectivity.o [1]
Flag_SendPacketData     0x200013b9    0x1  Data  Gb  connectivity.o [1]
HAL_ADCEx_Calibration_Start
                        0x0800072d   0x98  Code  Gb  stm32f3xx_hal_adc_ex.o [1]
HAL_ADCEx_InjectedConfigChannel
                        0x08000c19  0x3ae  Code  Gb  stm32f3xx_hal_adc_ex.o [1]
HAL_ADCEx_InjectedConvCpltCallback
                        0x08002771   0x9e  Code  Gb  system.o [1]
HAL_ADCEx_InjectedConvCpltCallback::countLedI
                        0x20000b20    0x4  Data  Lc  system.o [1]
HAL_ADCEx_InjectedStart_IT
                        0x080007e5   0xe2  Code  Gb  stm32f3xx_hal_adc_ex.o [1]
HAL_ADC_ConfigChannel   0x080008e5  0x32c  Code  Gb  stm32f3xx_hal_adc_ex.o [1]
HAL_ADC_ConvCpltCallback
                        0x08001735    0x2  Code  Wk  stm32f3xx_hal_adc.o [1]
HAL_ADC_ConvHalfCpltCallback
                        0x08001737    0x2  Code  Wk  stm32f3xx_hal_adc.o [1]
HAL_ADC_DeInit          0x08000379  0x186  Code  Gb  stm32f3xx_hal_adc_ex.o [1]
HAL_ADC_ErrorCallback   0x08001739    0x2  Code  Wk  stm32f3xx_hal_adc.o [1]
HAL_ADC_Init            0x08000189  0x1f0  Code  Gb  stm32f3xx_hal_adc_ex.o [1]
HAL_ADC_MspDeInit       0x0800126d   0x3a  Code  Gb  stm32f3xx_hal_msp.o [1]
HAL_ADC_MspInit         0x080011df   0x8e  Code  Gb  stm32f3xx_hal_msp.o [1]
HAL_ADC_Start           0x080004ff   0xe0  Code  Gb  stm32f3xx_hal_adc_ex.o [1]
HAL_ADC_Start_DMA       0x0800061f  0x104  Code  Gb  stm32f3xx_hal_adc_ex.o [1]
HAL_ADC_Stop            0x080005df   0x40  Code  Gb  stm32f3xx_hal_adc_ex.o [1]
HAL_DMA_DeInit          0x08001571  0x13e  Code  Gb  stm32f3xx_hal_dma.o [1]
HAL_DMA_Init            0x08001525   0x4c  Code  Gb  stm32f3xx_hal_dma.o [1]
HAL_DMA_Start_IT        0x080016af   0x5e  Code  Gb  stm32f3xx_hal_dma.o [1]
HAL_Delay               0x08003975   0x1c  Code  Wk  stm32f3xx_hal.o [1]
HAL_GPIO_DeInit         0x080019dd   0xec  Code  Gb  stm32f3xx_hal_gpio.o [1]
HAL_GPIO_Init           0x08001831  0x1aa  Code  Gb  stm32f3xx_hal_gpio.o [1]
HAL_GPIO_WritePin       0x08001ac9    0xe  Code  Gb  stm32f3xx_hal_gpio.o [1]
HAL_GetTick             0x08001729    0xc  Code  Wk  stm32f3xx_hal.o [1]
HAL_HRTIM_ADCTriggerConfig
                        0x08003b95   0x8e  Code  Gb  stm32f3xx_hal_hrtim.o [1]
HAL_HRTIM_DLLCalibrationStart
                        0x08003a8d   0x46  Code  Gb  stm32f3xx_hal_hrtim.o [1]
HAL_HRTIM_Init          0x08003991   0xfc  Code  Gb  stm32f3xx_hal_hrtim.o [1]
HAL_HRTIM_MspInit       0x080012a7   0x22  Code  Gb  stm32f3xx_hal_msp.o [1]
HAL_HRTIM_MspPostInit   0x080012c9   0x32  Code  Gb  stm32f3xx_hal_msp.o [1]
HAL_HRTIM_PollForDLLCalibration
                        0x08003ad3   0x40  Code  Gb  stm32f3xx_hal_hrtim.o [1]
HAL_HRTIM_TimeBaseConfig
                        0x08003b13   0x78  Code  Gb  stm32f3xx_hal_hrtim.o [1]
HAL_HRTIM_WaveformCompareConfig
                        0x08003d31  0x128  Code  Gb  stm32f3xx_hal_hrtim.o [1]
HAL_HRTIM_WaveformCounterStart
                        0x08003ec7   0x30  Code  Gb  stm32f3xx_hal_hrtim.o [1]
HAL_HRTIM_WaveformOutputConfig
                        0x08003e59   0x3a  Code  Gb  stm32f3xx_hal_hrtim.o [1]
HAL_HRTIM_WaveformOutputStart
                        0x08003e93   0x34  Code  Gb  stm32f3xx_hal_hrtim.o [1]
HAL_HRTIM_WaveformTimerConfig
                        0x08003c25  0x10c  Code  Gb  stm32f3xx_hal_hrtim.o [1]
HAL_IncTick             0x080057d1   0x10  Code  Wk  stm32f3xx_hal.o [1]
HAL_Init                0x080058a9   0x24  Code  Gb  stm32f3xx_hal.o [1]
HAL_InitTick            0x08004b19   0x28  Code  Wk  stm32f3xx_hal.o [1]
HAL_MspInit             0x080011ad   0x32  Code  Gb  stm32f3xx_hal_msp.o [1]
HAL_NVIC_DisableIRQ     0x080017c1   0x12  Code  Gb  stm32f3xx_hal_cortex.o [1]
HAL_NVIC_EnableIRQ      0x080017af   0x12  Code  Gb  stm32f3xx_hal_cortex.o [1]
HAL_NVIC_SetPriority    0x08001757   0x58  Code  Gb  stm32f3xx_hal_cortex.o [1]
HAL_NVIC_SetPriorityGrouping
                        0x0800173d   0x1a  Code  Gb  stm32f3xx_hal_cortex.o [1]
HAL_RCCEx_PeriphCLKConfig
                        0x08002fcd  0x126  Code  Gb  stm32f3xx_hal_rcc_ex.o [1]
HAL_RCC_ClockConfig     0x08002d1b  0x1ea  Code  Gb  stm32f3xx_hal_rcc.o [1]
HAL_RCC_GetHCLKFreq     0x08002f3f   0x22  Code  Gb  stm32f3xx_hal_rcc.o [1]
HAL_RCC_GetPCLK1Freq    0x08002f61   0x1c  Code  Gb  stm32f3xx_hal_rcc.o [1]
HAL_RCC_GetSysClockFreq
                        0x08002f05   0x3a  Code  Gb  stm32f3xx_hal_rcc.o [1]
HAL_RCC_OscConfig       0x08002975  0x3a6  Code  Gb  stm32f3xx_hal_rcc.o [1]
HAL_SYSTICK_CLKSourceConfig
                        0x080017f5   0x1a  Code  Gb  stm32f3xx_hal_cortex.o [1]
HAL_SYSTICK_Callback    0x080028d3   0x40  Code  Gb  system.o [1]
HAL_SYSTICK_Config      0x080017d3   0x22  Code  Gb  stm32f3xx_hal_cortex.o [1]
HAL_SYSTICK_IRQHandler  0x0800182d    0x4  Code  Gb  stm32f3xx_hal_cortex.o [1]
HAL_TIMEx_MasterConfigSynchronization
                        0x080037d5   0x48  Code  Gb  stm32f3xx_hal_tim_ex.o [1]
HAL_TIMEx_PWMN_Start    0x08003665   0x28  Code  Gb  stm32f3xx_hal_tim_ex.o [1]
HAL_TIM_Base_Init       0x08003101   0x34  Code  Gb  stm32f3xx_hal_tim.o [1]
HAL_TIM_Base_MspInit    0x0800131d   0xb2  Code  Gb  stm32f3xx_hal_msp.o [1]
HAL_TIM_Base_Start_IT   0x08003135   0x16  Code  Gb  stm32f3xx_hal_tim.o [1]
HAL_TIM_Base_Stop_IT    0x0800314b   0x2e  Code  Gb  stm32f3xx_hal_tim.o [1]
HAL_TIM_ConfigClockSource
                        0x08003295  0x1a0  Code  Gb  stm32f3xx_hal_tim.o [1]
HAL_TIM_MspPostInit     0x080013cf   0x98  Code  Gb  stm32f3xx_hal_msp.o [1]
HAL_TIM_PWM_ConfigChannel
                        0x0800368d  0x146  Code  Gb  stm32f3xx_hal_tim_ex.o [1]
HAL_TIM_PWM_Init        0x08003179   0x34  Code  Gb  stm32f3xx_hal_tim.o [1]
HAL_TIM_PWM_MspInit     0x080012fb   0x22  Code  Gb  stm32f3xx_hal_msp.o [1]
HAL_TIM_PWM_Start       0x080031ad   0x4c  Code  Gb  stm32f3xx_hal_tim.o [1]
HAL_TIM_PWM_Stop        0x080031f9   0x88  Code  Gb  stm32f3xx_hal_tim.o [1]
HAL_TIM_PeriodElapsedCallback
                        0x08002819   0xac  Code  Gb  system.o [1]
HAL_UART_DeInit         0x0800411d   0x3c  Code  Gb  stm32f3xx_hal_uart.o [1]
HAL_UART_Init           0x080040b5   0x68  Code  Gb  stm32f3xx_hal_uart.o [1]
HAL_UART_MspInit        0x08001467   0x54  Code  Gb  stm32f3xx_hal_msp.o [1]
HAL_UART_RxCpltCallback
                        0x080028c9    0xa  Code  Gb  system.o [1]
HAL_WWDG_Init           0x080038dd   0x44  Code  Gb  stm32f3xx_hal_wwdg.o [1]
HAL_WWDG_MspInit        0x080014bb   0x2e  Code  Gb  stm32f3xx_hal_msp.o [1]
HAL_WWDG_Refresh        0x08003949   0x2a  Code  Gb  stm32f3xx_hal_wwdg.o [1]
HAL_WWDG_Start          0x08003921   0x28  Code  Gb  stm32f3xx_hal_wwdg.o [1]
HRTIM_OutputConfig      0x08004015   0x9a  Code  Lc  stm32f3xx_hal_hrtim.o [1]
HRTIM_TimingUnitWaveform_Config
                        0x08003ef9  0x11a  Code  Lc  stm32f3xx_hal_hrtim.o [1]
IgnoreLedCurrent        0x20000a99    0x1  Data  Gb  system.o [1]
Ki                      0x20000ae4    0x4  Data  Gb  system.o [1]
Kp                      0x20000ae0    0x4  Data  Gb  system.o [1]
LedCurrent              0x20000af0    0x4  Data  Gb  system.o [1]
LedCurrentErrorI        0x20000ad4    0x4  Data  Gb  system.o [1]
LedCurrentErrorP        0x20000ad0    0x4  Data  Gb  system.o [1]
LedCurrentGain          0x20000ae8    0x4  Data  Gb  system.o [1]
LedCurrentGainI         0x20000adc    0x4  Data  Gb  system.o [1]
LedCurrentGainP         0x20000ad8    0x4  Data  Gb  system.o [1]
LedI                    0x20000a84   0x10  Data  Gb  system.o [1]
LedI_CurrTh             0x20000aec    0x4  Data  Gb  system.o [1]
LedI_Th                 0x20000000    0x4  Data  Gb  led.o [1]
LedStateChange          0x200007eb    0x1  Data  Gb  state.o [1]
LedStateChangeTick      0x200007fc    0x4  Data  Gb  state.o [1]
LightDim                0x2000146f    0x1  Data  Gb  system.o [1]
LightOn                 0x2000146e    0x1  Data  Gb  system.o [1]
MpptBattCurrArray       0x20000014  0x7d0  Data  Gb  mppt.o [1]
MpptBattMaxCurr         0x20000006    0x2  Data  Gb  mppt.o [1]
MpptBattMaxVolt         0x20000008    0x2  Data  Gb  mppt.o [1]
MpptPwmDutyCurr         0x2000000c    0x2  Data  Gb  mppt.o [1]
MpptPwmDutyMax          0x2000000a    0x2  Data  Gb  mppt.o [1]
MpptPwmDutyRef          0x2000000e    0x2  Data  Gb  mppt.o [1]
MpptSign                0x20000005    0x1  Data  Gb  mppt.o [1]
MpptStage               0x20000004    0x1  Data  Gb  mppt.o [1]
PacketRxData            0x200013bc   0x14  Data  Gb  connectivity.o [1]
PacketTxData            0x200013a4   0x14  Data  Gb  connectivity.o [1]
PanelMinVoltage         0x20000bbe    0x2  Data  Gb  panel.o [1]
PanelMpptVoltage        0x20000bc0    0x2  Data  Gb  panel.o [1]
PanelVoltage            0x2000146a    0x2  Data  Gb  panel.o [1]
Region$$Table$$Base     0x08005994          --   Gb  - Linker created -
Region$$Table$$Limit    0x080059b4          --   Gb  - Linker created -
RxQ                     0x20000bc4  0x3f0  Data  Gb  connectivity.o [1]
SM_ThreeSl              0x08005501   0xc4  Code  Gb  state.o [1]
SM_ThreeSl::changeState
                        0x200007f6    0x1  Data  Lc  state.o [1]
SM_ThreeSl::changeStateTick
                        0x20000834    0x4  Data  Lc  state.o [1]
SM_ThreeSl::currLedOnFlag
                        0x200007f5    0x1  Data  Lc  state.o [1]
SM_ThreeSl::prevLedOnFlag
                        0x200007f4    0x1  Data  Lc  state.o [1]
Sp1mlUart               0x20000b24   0x70  Data  Gb  system.o [1]
StateFlags_AcDcLd       0x2000146c    0x1  Data  Gb  ac_dc_ld.o [1]
StateFlags_Battery      0x20000bc2    0x1  Data  Gb  battery.o [1]
StateFlags_DcDcLd       0x20001460    0x1  Data  Gb  dc_dc_ld.o [1]
StateFlags_Led          0x2000146d    0x1  Data  Gb  led.o [1]
StateFlags_Panel        0x20000bc3    0x1  Data  Gb  panel.o [1]
StateTable_Conn         0x20000828    0x8  Data  Lc  state.o [1]
StateTable_LED          0x20000800   0x14  Data  Lc  state.o [1]
StateTable_SCC          0x20000814   0x14  Data  Lc  state.o [1]
State_BatteryStatus     0x200007ee    0x1  Data  Gb  state.o [1]
State_SensorStatus      0x200007ed    0x1  Data  Gb  state.o [1]
State_SubSystem         0x200007ec    0x1  Data  Gb  state.o [1]
SysTick_Handler         0x08005761   0x12  Code  Gb  stm32f3xx_it.o [1]
SystemClock_Config      0x08001af1   0x7a  Code  Gb  system.o [1]
SystemCoreClock         0x20000ba8    0x4  Data  Gb  system_stm32f3xx.o [1]
SystemInit              0x080057e1   0x5a  Code  Gb  system_stm32f3xx.o [1]
TIM1_TRG_COM_TIM17_IRQHandler
                        0x0800578f   0x16  Code  Gb  stm32f3xx_it.o [1]
TIM_Base_SetConfig      0x08003439   0x74  Code  Gb  stm32f3xx_hal_tim.o [1]
TIM_OC1_SetConfig       0x080034ad   0x76  Code  Gb  stm32f3xx_hal_tim.o [1]
TIM_OC2_SetConfig       0x08003523   0x66  Code  Gb  stm32f3xx_hal_tim.o [1]
TIM_OC3_SetConfig       0x08003589   0x64  Code  Gb  stm32f3xx_hal_tim.o [1]
TIM_OC4_SetConfig       0x080035ed   0x54  Code  Gb  stm32f3xx_hal_tim.o [1]
TIM_OC5_SetConfig       0x0800381d   0x52  Code  Lc  stm32f3xx_hal_tim_ex.o [1]
TIM_OC6_SetConfig       0x0800386f   0x54  Code  Lc  stm32f3xx_hal_tim_ex.o [1]
TS_CAL1_H               0x20000a9c    0x4  Data  Gb  system.o [1]
TS_CAL1_L               0x20000aa0    0x4  Data  Gb  system.o [1]
TS_CAL2_H               0x20000aa4    0x4  Data  Gb  system.o [1]
TS_CAL2_L               0x20000aa8    0x4  Data  Gb  system.o [1]
TempCal1H               0x20000a95    0x1  Data  Gb  system.o [1]
TempCal1L               0x20000a94    0x1  Data  Gb  system.o [1]
TempCal2H               0x20000a97    0x1  Data  Gb  system.o [1]
TempCal2L               0x20000a96    0x1  Data  Gb  system.o [1]
TempOffset              0x20000ab0    0x4  Data  Gb  system.o [1]
TempSlope               0x20000aac    0x4  Data  Gb  system.o [1]
Temperature             0x20000ab4    0x4  Data  Gb  system.o [1]
ThreeSL_State           0x200007e4    0x4  Data  Gb  state.o [1]
ThreeSlDcDcLdLoopTim    0x2000088c   0x3c  Data  Gb  system.o [1]
ThreeSlLedAnaDimTim     0x20000958   0x3c  Data  Gb  system.o [1]
ThreeSlLedEnTim         0x2000091c   0x3c  Data  Gb  system.o [1]
ThreeSlSccTim           0x200008e0   0x3c  Data  Lc  system.o [1]
ThreeSlSccTimAcutalDuty
                        0x20000a9a    0x2  Data  Gb  system.o [1]
Tick_10                 0x20000b96    0x2  Data  Gb  system.o [1]
Tick_1000s              0x20000ba0    0x4  Data  Gb  system.o [1]
Tick_1h                 0x20000ba4    0x4  Data  Gb  system.o [1]
TxQ                     0x20000fb4  0x3f0  Data  Gb  connectivity.o [1]
UART_AdvFeatureConfig   0x080042dd   0xc6  Code  Gb  stm32f3xx_hal_uart.o [1]
UART_CheckIdleState     0x080043a5   0x9a  Code  Gb  stm32f3xx_hal_uart.o [1]
UART_SetConfig          0x0800415d  0x162  Code  Gb  stm32f3xx_hal_uart.o [1]
USART3_IRQHandler       0x080057a5   0x10  Code  Gb  stm32f3xx_it.o [1]
Uart_ResetCount         0x20000b9c    0x4  Data  Gb  system.o [1]
Uart_Wait_Tick          0x20000b98    0x4  Data  Gb  system.o [1]
VoltageRef              0x20000010    0x2  Data  Gb  mppt.o [1]
WWDG_IRQHandler         0x080057b5    0xc  Code  Gb  stm32f3xx_it.o [1]
WwdgHandle              0x20000994   0x14  Data  Gb  system.o [1]
__aeabi_d2iz            0x0800478d         Code  Gb  DblToS32.o [4]
__aeabi_dadd            0x08004b69         Code  Gb  DblAdd.o [4]
__aeabi_dmul            0x080045e9         Code  Gb  DblMul.o [4]
__aeabi_i2d             0x08004b45         Code  Gb  S32ToDbl.o [4]
__aeabi_ui2d            0x080045cd         Code  Gb  U32ToDbl.o [4]
__cmain                 0x080059b5         Code  Gb  cmain.o [5]
__exit                  0x080059e9   0x14  Code  Gb  exit.o [6]
__iar_dadd              0x08004ce1         Code  Gb  DblSub.o [4]
__iar_data_init3        0x08005949   0x28  Code  Gb  data_init.o [5]
__iar_dsub              0x08004b79         Code  Gb  DblAdd.o [4]
__iar_dsubStart         0x08004b8b         Code  Gb  DblAdd.o [4]
__iar_init_vfp          0x08005971         Code  Gb  fpinit_M.o [4]
__iar_packbits_init_single3
                        0x08005911   0x38  Code  Gb  packbits_init_single.o [5]
__iar_program_start     0x08005a0d         Code  Gb  cstartup_M.o [5]
__iar_systems$$module {Abs}
                        0x00000001         Data  Gb  command line/config [2]
__iar_zero_init3        0x080058d1   0x40  Code  Gb  zero_init3.o [5]
__low_level_init        0x080059d3    0x4  Code  Gb  low_level_init.o [3]
__vector_table          0x08000000         Data  Gb  startup_stm32f334x8.o [1]
_call_main              0x080059c1         Code  Gb  cmain.o [5]
_exit                   0x080059dd         Code  Gb  cexit.o [5]
_main                   0x080059cf         Code  Gb  cmain.o [5]
aAPBAHBPrescTable       0x08002f9c   0x10  Data  Gb  stm32f3xx_hal_rcc.o [1]
aPLLMULFactorTable      0x08002fac   0x10  Data  Gb  stm32f3xx_hal_rcc.o [1]
aPredivFactorTable      0x08002fbc   0x10  Data  Gb  stm32f3xx_hal_rcc.o [1]
ac_dc_ld_GetFlag        0x0800561f   0x12  Code  Gb  ac_dc_ld.o [1]
ac_dc_ld_ResetFlag      0x08005613    0xc  Code  Gb  ac_dc_ld.o [1]
ac_dc_ld_SetFlag        0x08005609    0xa  Code  Gb  ac_dc_ld.o [1]
battery_GetChargngCurrent
                        0x080044c3    0x6  Code  Gb  battery.o [1]
battery_GetFlag         0x080044ed   0x12  Code  Gb  battery.o [1]
battery_GetFltCurrent   0x080044d1    0x6  Code  Gb  battery.o [1]
battery_GetFltVoltage   0x080044b7    0x6  Code  Gb  battery.o [1]
battery_GetMaxCurrent   0x080044bd    0x6  Code  Gb  battery.o [1]
battery_GetMaxVoltage   0x080044ab    0x6  Code  Gb  battery.o [1]
battery_GetMinDischrgVoltage
                        0x080044b1    0x6  Code  Gb  battery.o [1]
battery_GetMinVoltage   0x080044a5    0x6  Code  Gb  battery.o [1]
battery_GetVoltage      0x08004441    0x6  Code  Gb  battery.o [1]
battery_ResetFlag       0x080044e1    0xc  Code  Gb  battery.o [1]
battery_SetFlag         0x080044d7    0xa  Code  Gb  battery.o [1]
battery_UpdateChgCurrent
                        0x080044c9    0x8  Code  Gb  battery.o [1]
battery_UpdateVoltage   0x08004447   0x5e  Code  Gb  battery.o [1]
conn_ExtractPacket      0x08004849  0x14e  Code  Gb  connectivity.o [1]
conn_GetPacketData      0x080049a7    0xa  Code  Gb  connectivity.o [1]
conn_GetReadPacketDataStatus
                        0x0800499f    0x8  Code  Gb  connectivity.o [1]
conn_PacketHandler      0x08004801   0x48  Code  Gb  connectivity.o [1]
conn_ReadData           0x080047c9   0x38  Code  Gb  connectivity.o [1]
conn_ResetConn          0x08004aaf   0x26  Code  Gb  connectivity.o [1]
conn_SetPacketData      0x080049b1    0xa  Code  Gb  connectivity.o [1]
conn_SetReadPacketDataStatus
                        0x08004997    0x8  Code  Gb  connectivity.o [1]
conn_SetSendPacketStatus
                        0x080049bd   0xf2  Code  Gb  connectivity.o [1]
countBattLow            0x200007f8    0x2  Data  Gb  state.o [1]
currentBattState        0x200007f0    0x1  Data  Gb  state.o [1]
dc_dc_ld_GetFlag        0x080045b7   0x12  Code  Gb  dc_dc_ld.o [1]
dc_dc_ld_GetOutVoltage  0x0800459b    0x6  Code  Gb  dc_dc_ld.o [1]
dc_dc_ld_ResetFlag      0x080045ab    0xc  Code  Gb  dc_dc_ld.o [1]
dc_dc_ld_SetFlag        0x080045a1    0xa  Code  Gb  dc_dc_ld.o [1]
dc_dc_ld_UpdateOutVoltage
                        0x08004581   0x1a  Code  Gb  dc_dc_ld.o [1]
exit                    0x080059d7    0x4  Code  Gb  exit.o [3]
hadc1                   0x20000838   0x54  Data  Gb  system.o [1]
hadc1Pr                 0x200013d0   0x54  Data  Gb  system.o [1]
hdma_adc1               0x20001428   0x38  Data  Gb  system.o [1]
hhrtim1                 0x200009a8   0xdc  Data  Gb  system.o [1]
ledIntensityDefault     0x200007ef    0x1  Data  Gb  state.o [1]
led_GetFlag             0x08004aff   0x12  Code  Gb  led.o [1]
led_GetThreshI          0x08004add    0x6  Code  Gb  led.o [1]
led_ResetFlag           0x08004af3    0xc  Code  Gb  led.o [1]
led_SetFlag             0x08004ae9    0xa  Code  Gb  led.o [1]
led_SetThreshI          0x08004ae3    0x6  Code  Gb  led.o [1]
main                    0x08005851   0x4a  Code  Gb  main.o [1]
mppt_Reinit             0x08005755    0x8  Code  Gb  mppt.o [1]
mppt_Routine            0x08005635  0x120  Code  Gb  mppt.o [1]
panel_GetFlag           0x0800455d   0x12  Code  Gb  panel.o [1]
panel_GetMinVoltage     0x08004535    0x6  Code  Gb  panel.o [1]
panel_GetMpptVoltage    0x08004541    0x6  Code  Gb  panel.o [1]
panel_GetVoltage        0x0800453b    0x6  Code  Gb  panel.o [1]
panel_ResetFlag         0x08004551    0xc  Code  Gb  panel.o [1]
panel_SetFlag           0x08004547    0xa  Code  Gb  panel.o [1]
panel_UpdateVoltage     0x0800452d    0x8  Code  Gb  panel.o [1]
state_BattChg_SCC       0x08004fe7  0x120  Code  Lc  state.o [1]
state_BattChg_SCC::pwmDuty
                        0x200007fa    0x2  Data  Lc  state.o [1]
state_Conn_On           0x08005133  0x3ce  Code  Lc  state.o [1]
state_Critical_Led      0x08004f75   0x36  Code  Lc  state.o [1]
state_Critical_SCC      0x08005107   0x18  Code  Lc  state.o [1]
state_FacSetting_Led    0x08004db5    0x2  Code  Lc  state.o [1]
state_FacSetting_SCC    0x08004fab    0xa  Code  Lc  state.o [1]
state_Off_Led           0x08004db7   0x1c  Code  Lc  state.o [1]
state_Off_SCC           0x08004fb5   0x14  Code  Lc  state.o [1]
state_On_Led            0x08004e33  0x142  Code  Lc  state.o [1]
state_On_Led::changeDim
                        0x200007f3    0x1  Data  Lc  state.o [1]
state_On_Led::changeDimTick
                        0x20000830    0x4  Data  Lc  state.o [1]
state_On_Led::currLedDimFlag
                        0x200007f2    0x1  Data  Lc  state.o [1]
state_On_Led::prevLedDimFlag
                        0x200007f1    0x1  Data  Lc  state.o [1]
state_StartUp_Conn      0x0800511f   0x14  Code  Lc  state.o [1]
state_StartUp_Led       0x08004dd3   0x60  Code  Lc  state.o [1]
state_StartUp_SCC       0x08004fc9   0x1e  Code  Lc  state.o [1]
system_ADC1_Init        0x08001ecd   0xf4  Code  Lc  system.o [1]
system_AcDcLdDisable    0x08002641    0xa  Code  Gb  system.o [1]
system_AcDcLdEnable     0x0800264b    0xa  Code  Gb  system.o [1]
system_AcDcLdOutDisable
                        0x08002655    0xc  Code  Gb  system.o [1]
system_AcDcLdOutEnable  0x08002661   0x18  Code  Gb  system.o [1]
system_AcDcSetDim       0x080026a1   0x16  Code  Gb  system.o [1]
system_CalcBattCurrK    0x08002415    0xe  Code  Gb  system.o [1]
system_CalcBattDischgCurrent
                        0x08002423   0x56  Code  Gb  system.o [1]
system_CheckPanelReverse
                        0x08002315  0x100  Code  Gb  system.o [1]
system_CheckPanelReverse::reversePanelChVal
                        0x20001424    0x4  Data  Lc  system.o [1]
system_DcDcLdEnable     0x0800257b   0x54  Code  Gb  system.o [1]
system_DcDcLdOutDisable
                        0x080025cf   0x2a  Code  Gb  system.o [1]
system_DcDcLdOutEnable  0x080025f9   0x22  Code  Gb  system.o [1]
system_DcDcLdSet        0x08002511   0x6a  Code  Gb  system.o [1]
system_DcDcStartRegulate
                        0x0800261b   0x26  Code  Gb  system.o [1]
system_DisableCharging  0x080024a7    0xa  Code  Gb  system.o [1]
system_EnableCharging   0x080024b1    0xa  Code  Gb  system.o [1]
system_GPIO_Init        0x08001ded   0xe0  Code  Lc  system.o [1]
system_GetBattTick_10   0x0800274b    0x8  Code  Gb  system.o [1]
system_GetBattTick_1000s
                        0x0800275b    0x8  Code  Gb  system.o [1]
system_GetSccPwm        0x080024bb   0x12  Code  Gb  system.o [1]
system_GetServerLightCommand
                        0x080026b7    0x6  Code  Gb  system.o [1]
system_GetServerLightDimCommand
                        0x080026c3    0x6  Code  Gb  system.o [1]
system_GetTemperature   0x080024fb    0xc  Code  Gb  system.o [1]
system_GetTim3ACCCr_val
                        0x08002679   0x28  Code  Gb  system.o [1]
system_GetUartWaitTick  0x080026c9    0x6  Code  Gb  system.o [1]
system_HRTIM1_Init      0x08001fc5  0x180  Code  Lc  system.o [1]
system_Init             0x08001b6d  0x280  Code  Gb  system.o [1]
system_Monitor          0x0800217f   0x68  Code  Gb  system.o [1]
system_PanelDisable     0x08002479    0xc  Code  Gb  system.o [1]
system_PanelEnable      0x08002485   0x22  Code  Gb  system.o [1]
system_ResetConn        0x080026eb   0x60  Code  Gb  system.o [1]
system_ResetUartTick    0x080026cf    0x8  Code  Gb  system.o [1]
system_SetBattTick_10   0x08002753    0x8  Code  Gb  system.o [1]
system_SetBattTick_1000s
                        0x08002763    0x8  Code  Gb  system.o [1]
system_SetIgnoreLedCurrent
                        0x08002507    0xa  Code  Gb  system.o [1]
system_SetSccPwm        0x080024cd   0x2e  Code  Gb  system.o [1]
system_SetServerLightCommand
                        0x080026bd    0x6  Code  Gb  system.o [1]
system_TransmitUartData
                        0x080026d7   0x14  Code  Gb  system.o [1]
system_USART3_UART_Init
                        0x08002145   0x3a  Code  Lc  system.o [1]
system_UpdateSysParams  0x080021e7  0x12e  Code  Gb  system.o [1]
system_UpdateSysParams::battChgCurr
                        0x20000b00    0x4  Data  Lc  system.o [1]
system_UpdateSysParams::battVolt
                        0x20000af8    0x4  Data  Lc  system.o [1]
system_UpdateSysParams::countBattChgCurr
                        0x20000b04    0x4  Data  Lc  system.o [1]
system_UpdateSysParams::countBattVolt
                        0x20000afc    0x4  Data  Lc  system.o [1]
system_UpdateSysParams::countLdOutVolt
                        0x20000b14    0x4  Data  Lc  system.o [1]
system_UpdateSysParams::countPanelVolt
                        0x20000b0c    0x4  Data  Lc  system.o [1]
system_UpdateSysParams::countTempSensor
                        0x20000b1c    0x4  Data  Lc  system.o [1]
system_UpdateSysParams::ldOutVolt
                        0x20000b10    0x4  Data  Lc  system.o [1]
system_UpdateSysParams::panelVolt
                        0x20000b08    0x4  Data  Lc  system.o [1]
system_UpdateSysParams::tempSensor
                        0x20000b18    0x4  Data  Lc  system.o [1]
uwTick                  0x20001464    0x4  Data  Lc  stm32f3xx_hal.o [1]


[1] = C:\Users\r1219\Desktop\3SL Node Code with Packet Rectified\3SL_Node_with_comm_packet_v5(cloud_response_modified_dim_led) - Moified_30_09_2018\LT.LED0038.16_FW\EWARM\HRTIM_test_master\Obj
[2] = command line
[3] = dl7M_tlf.a
[4] = m7M_tls.a
[5] = rt7M_tl.a
[6] = shb_l.a

  23 242 bytes of readonly  code memory
     217 bytes of readonly  data memory
   5 744 bytes of readwrite data memory

Errors: none
Warnings: none
