###############################################################################
#
# IAR ELF Linker V8.40.1.212/W32 for ARM                  27/Jun/2020  00:46:34
# Copyright 2007-2019 IAR Systems AB.
#
#    Output file  =
#        C:\Users\Venky
#        Rapaka\Pictures\3slnode-stmicro\LT.LED0038.16_FW\EWARM\HRTIM_test_master\Exe\HRTIM_test_master.out
#    Map file     =
#        C:\Users\Venky
#        Rapaka\Pictures\3slnode-stmicro\LT.LED0038.16_FW\EWARM\HRTIM_test_master\List\HRTIM_test_master.map
#    Command line =
#        -f C:\Users\VENKYR~1\AppData\Local\Temp\EW78E7.tmp ("C:\Users\Venky
#        Rapaka\Pictures\3slnode-stmicro\LT.LED0038.16_FW\EWARM\HRTIM_test_master\Obj\ac_dc_ld.o"
#        "C:\Users\Venky
#        Rapaka\Pictures\3slnode-stmicro\LT.LED0038.16_FW\EWARM\HRTIM_test_master\Obj\battery.o"
#        "C:\Users\Venky
#        Rapaka\Pictures\3slnode-stmicro\LT.LED0038.16_FW\EWARM\HRTIM_test_master\Obj\buzzer.o"
#        "C:\Users\Venky
#        Rapaka\Pictures\3slnode-stmicro\LT.LED0038.16_FW\EWARM\HRTIM_test_master\Obj\connectivity.o"
#        "C:\Users\Venky
#        Rapaka\Pictures\3slnode-stmicro\LT.LED0038.16_FW\EWARM\HRTIM_test_master\Obj\dc_dc_ld.o"
#        "C:\Users\Venky
#        Rapaka\Pictures\3slnode-stmicro\LT.LED0038.16_FW\EWARM\HRTIM_test_master\Obj\led.o"
#        "C:\Users\Venky
#        Rapaka\Pictures\3slnode-stmicro\LT.LED0038.16_FW\EWARM\HRTIM_test_master\Obj\main.o"
#        "C:\Users\Venky
#        Rapaka\Pictures\3slnode-stmicro\LT.LED0038.16_FW\EWARM\HRTIM_test_master\Obj\mppt.o"
#        "C:\Users\Venky
#        Rapaka\Pictures\3slnode-stmicro\LT.LED0038.16_FW\EWARM\HRTIM_test_master\Obj\panel.o"
#        "C:\Users\Venky
#        Rapaka\Pictures\3slnode-stmicro\LT.LED0038.16_FW\EWARM\HRTIM_test_master\Obj\startup_stm32f334x8.o"
#        "C:\Users\Venky
#        Rapaka\Pictures\3slnode-stmicro\LT.LED0038.16_FW\EWARM\HRTIM_test_master\Obj\state.o"
#        "C:\Users\Venky
#        Rapaka\Pictures\3slnode-stmicro\LT.LED0038.16_FW\EWARM\HRTIM_test_master\Obj\stm32f3xx_hal.o"
#        "C:\Users\Venky
#        Rapaka\Pictures\3slnode-stmicro\LT.LED0038.16_FW\EWARM\HRTIM_test_master\Obj\stm32f3xx_hal_adc.o"
#        "C:\Users\Venky
#        Rapaka\Pictures\3slnode-stmicro\LT.LED0038.16_FW\EWARM\HRTIM_test_master\Obj\stm32f3xx_hal_adc_ex.o"
#        "C:\Users\Venky
#        Rapaka\Pictures\3slnode-stmicro\LT.LED0038.16_FW\EWARM\HRTIM_test_master\Obj\stm32f3xx_hal_cortex.o"
#        "C:\Users\Venky
#        Rapaka\Pictures\3slnode-stmicro\LT.LED0038.16_FW\EWARM\HRTIM_test_master\Obj\stm32f3xx_hal_dma.o"
#        "C:\Users\Venky
#        Rapaka\Pictures\3slnode-stmicro\LT.LED0038.16_FW\EWARM\HRTIM_test_master\Obj\stm32f3xx_hal_flash.o"
#        "C:\Users\Venky
#        Rapaka\Pictures\3slnode-stmicro\LT.LED0038.16_FW\EWARM\HRTIM_test_master\Obj\stm32f3xx_hal_flash_ex.o"
#        "C:\Users\Venky
#        Rapaka\Pictures\3slnode-stmicro\LT.LED0038.16_FW\EWARM\HRTIM_test_master\Obj\stm32f3xx_hal_gpio.o"
#        "C:\Users\Venky
#        Rapaka\Pictures\3slnode-stmicro\LT.LED0038.16_FW\EWARM\HRTIM_test_master\Obj\stm32f3xx_hal_hrtim.o"
#        "C:\Users\Venky
#        Rapaka\Pictures\3slnode-stmicro\LT.LED0038.16_FW\EWARM\HRTIM_test_master\Obj\stm32f3xx_hal_msp.o"
#        "C:\Users\Venky
#        Rapaka\Pictures\3slnode-stmicro\LT.LED0038.16_FW\EWARM\HRTIM_test_master\Obj\stm32f3xx_hal_pwr.o"
#        "C:\Users\Venky
#        Rapaka\Pictures\3slnode-stmicro\LT.LED0038.16_FW\EWARM\HRTIM_test_master\Obj\stm32f3xx_hal_pwr_ex.o"
#        "C:\Users\Venky
#        Rapaka\Pictures\3slnode-stmicro\LT.LED0038.16_FW\EWARM\HRTIM_test_master\Obj\stm32f3xx_hal_rcc.o"
#        "C:\Users\Venky
#        Rapaka\Pictures\3slnode-stmicro\LT.LED0038.16_FW\EWARM\HRTIM_test_master\Obj\stm32f3xx_hal_rcc_ex.o"
#        "C:\Users\Venky
#        Rapaka\Pictures\3slnode-stmicro\LT.LED0038.16_FW\EWARM\HRTIM_test_master\Obj\stm32f3xx_hal_rtc.o"
#        "C:\Users\Venky
#        Rapaka\Pictures\3slnode-stmicro\LT.LED0038.16_FW\EWARM\HRTIM_test_master\Obj\stm32f3xx_hal_rtc_ex.o"
#        "C:\Users\Venky
#        Rapaka\Pictures\3slnode-stmicro\LT.LED0038.16_FW\EWARM\HRTIM_test_master\Obj\stm32f3xx_hal_tim.o"
#        "C:\Users\Venky
#        Rapaka\Pictures\3slnode-stmicro\LT.LED0038.16_FW\EWARM\HRTIM_test_master\Obj\stm32f3xx_hal_tim_ex.o"
#        "C:\Users\Venky
#        Rapaka\Pictures\3slnode-stmicro\LT.LED0038.16_FW\EWARM\HRTIM_test_master\Obj\stm32f3xx_hal_uart.o"
#        "C:\Users\Venky
#        Rapaka\Pictures\3slnode-stmicro\LT.LED0038.16_FW\EWARM\HRTIM_test_master\Obj\stm32f3xx_hal_uart_ex.o"
#        "C:\Users\Venky
#        Rapaka\Pictures\3slnode-stmicro\LT.LED0038.16_FW\EWARM\HRTIM_test_master\Obj\stm32f3xx_hal_wwdg.o"
#        "C:\Users\Venky
#        Rapaka\Pictures\3slnode-stmicro\LT.LED0038.16_FW\EWARM\HRTIM_test_master\Obj\stm32f3xx_it.o"
#        "C:\Users\Venky
#        Rapaka\Pictures\3slnode-stmicro\LT.LED0038.16_FW\EWARM\HRTIM_test_master\Obj\system.o"
#        "C:\Users\Venky
#        Rapaka\Pictures\3slnode-stmicro\LT.LED0038.16_FW\EWARM\HRTIM_test_master\Obj\system_stm32f3xx.o"
#        --no_out_extension -o "C:\Users\Venky
#        Rapaka\Pictures\3slnode-stmicro\LT.LED0038.16_FW\EWARM\HRTIM_test_master\Exe\HRTIM_test_master.out"
#        --map "C:\Users\Venky
#        Rapaka\Pictures\3slnode-stmicro\LT.LED0038.16_FW\EWARM\HRTIM_test_master\List\HRTIM_test_master.map"
#        --config "C:\Program Files (x86)\IAR Systems\Embedded Workbench
#        8.3\arm\config\linker\ST\stm32f334x8.icf" --semihosting --entry
#        __iar_program_start --vfe --text_out locale)
#
###############################################################################

*******************************************************************************
*** RUNTIME MODEL ATTRIBUTES
***

CppFlavor       = *
__SystemLibrary = DLib
__dlib_version  = 6


*******************************************************************************
*** HEAP SELECTION
***

The basic heap was selected because no calls to memory allocation
functions were found in the application outside of system library
functions, and there are calls to deallocation functions in the
application.


*******************************************************************************
*** PLACEMENT SUMMARY
***

"A0":  place at address 0x800'0000 { ro section .intvec };
"P1":  place in [from 0x800'0000 to 0x800'ffff] { ro };
define block CSTACK with size = 2K, alignment = 8 { };
define block HEAP with size = 4K, alignment = 8 { };
"P2":  place in [from 0x2000'0000 to 0x2000'2fff] {
          rw, block CSTACK, block HEAP };
initialize by copy { rw };

No sections matched the following patterns:

  section .ccmram  in "P3"


  Section            Kind         Address    Size  Object
  -------            ----         -------    ----  ------
"A0":                                       0x188
  .intvec            ro code   0x800'0000   0x188  startup_stm32f334x8.o [1]
                             - 0x800'0188   0x188

"P1":                                      0x6fe8
  .text              ro code   0x800'0188  0x1374  stm32f3xx_hal_adc_ex.o [1]
  .text              ro code   0x800'14fc   0x390  stm32f3xx_hal_msp.o [1]
  .text              ro code   0x800'188c   0x266  stm32f3xx_hal_dma.o [1]
  .text              ro code   0x800'1af2    0x3a  zero_init3.o [4]
  .text              ro code   0x800'1b2c     0xc  stm32f3xx_hal.o [1]
  .text              ro code   0x800'1b38     0x2  stm32f3xx_hal_adc.o [1]
  .text              ro code   0x800'1b3a     0x2  stm32f3xx_hal_adc.o [1]
  .text              ro code   0x800'1b3c     0x2  stm32f3xx_hal_adc.o [1]
  .text              ro code   0x800'1b3e    0x2e  copy_init3.o [4]
  .text              ro code   0x800'1b6c   0x168  stm32f3xx_hal_cortex.o [1]
  .text              ro code   0x800'1cd4   0x338  stm32f3xx_hal_gpio.o [1]
  .text              ro code   0x800'200c  0x1208  system.o [1]
  .text              ro code   0x800'3214    0x8e  stm32f3xx_it.o [1]
  .text              ro code   0x800'32a4   0xb98  stm32f3xx_hal_rcc.o [1]
  .text              ro code   0x800'3e3c   0x1ac  stm32f3xx_hal_rcc_ex.o [1]
  .text              ro code   0x800'3fe8   0x5f4  stm32f3xx_hal_tim.o [1]
  .text              ro code   0x800'45dc   0x2c8  stm32f3xx_hal_tim_ex.o [1]
  .text              ro code   0x800'48a4   0x92c  stm32f3xx_hal_hrtim.o [1]
  .text              ro code   0x800'51d0   0x4d0  stm32f3xx_hal_uart.o [1]
  .text              ro code   0x800'56a0    0xa2  stm32f3xx_hal_wwdg.o [1]
  .text              ro code   0x800'5744   0x100  battery.o [1]
  .text              ro code   0x800'5844    0x54  panel.o [1]
  .text              ro code   0x800'5898    0x80  dc_dc_ld.o [1]
  .text              ro code   0x800'5918    0x18  stm32f3xx_hal.o [1]
  .text              ro code   0x800'5930    0x1a  U32ToDbl.o [3]
  .text              ro code   0x800'594c   0x1a2  DblMul.o [3]
  .text              ro code   0x800'5af0    0x3a  DblToS32.o [3]
  .text              ro code   0x800'5b2c   0x280  connectivity.o [1]
  .text              ro code   0x800'5dac    0x3c  led.o [1]
  .text              ro code   0x800'5de8    0x10  stm32f3xx_hal.o [1]
  .text              ro code   0x800'5df8    0x24  stm32f3xx_hal.o [1]
  .text              ro code   0x800'5e1c     0x2  stm32f3xx_hal_uart.o [1]
  .text              ro code   0x800'5e20    0x22  S32ToDbl.o [3]
  .text              ro code   0x800'5e44   0x17a  DblAdd.o [3]
  .text              ro code   0x800'5fc0    0xd2  DblSub.o [3]
  .text              ro code   0x800'6094   0xb68  state.o [1]
  .text              ro code   0x800'6bfc    0x24  ac_dc_ld.o [1]
  .text              ro code   0x800'6c20   0x1bc  mppt.o [1]
  Initializer bytes  const     0x800'6ddc    0x94  <for P2-1>
  .text              ro code   0x800'6e70    0x84  main.o [1]
  .text              ro code   0x800'6ef4    0x24  stm32f3xx_hal.o [1]
  .text              ro code   0x800'6f18    0x84  system_stm32f3xx.o [1]
  .text              ro code   0x800'6f9c    0x28  data_init.o [4]
  .text              ro code   0x800'6fc4    0x22  fpinit_M.o [3]
  .iar.init_table    const     0x800'6fe8    0x24  - Linker created -
  .text              ro code   0x800'700c    0x1e  cmain.o [4]
  .text              ro code   0x800'702a     0x4  low_level_init.o [2]
  .text              ro code   0x800'702e     0x4  exit.o [2]
  .text              ro code   0x800'7034     0xa  cexit.o [4]
  .text              ro code   0x800'7040    0x14  exit.o [5]
  .rodata            const     0x800'7054    0x10  stm32f3xx_hal_rcc.o [1]
  .rodata            const     0x800'7064    0x10  stm32f3xx_hal_rcc.o [1]
  .rodata            const     0x800'7074    0x10  stm32f3xx_hal_rcc.o [1]
  .text              ro code   0x800'7084    0x10  startup_stm32f334x8.o [1]
  .text              ro code   0x800'7094     0xc  cstartup_M.o [4]
  .text              ro code   0x800'70a0     0x4  startup_stm32f334x8.o [1]
  .text              ro code   0x800'70a4     0x4  startup_stm32f334x8.o [1]
  .text              ro code   0x800'70a8     0x4  startup_stm32f334x8.o [1]
  .text              ro code   0x800'70ac     0x4  startup_stm32f334x8.o [1]
  .text              ro code   0x800'70b0     0x4  startup_stm32f334x8.o [1]
  .text              ro code   0x800'70b4     0x4  startup_stm32f334x8.o [1]
  .text              ro code   0x800'70b8     0x4  startup_stm32f334x8.o [1]
  .text              ro code   0x800'70bc     0x4  startup_stm32f334x8.o [1]
  .text              ro code   0x800'70c0     0x4  startup_stm32f334x8.o [1]
  .text              ro code   0x800'70c4     0x4  startup_stm32f334x8.o [1]
  .text              ro code   0x800'70c8     0x4  startup_stm32f334x8.o [1]
  .text              ro code   0x800'70cc     0x4  startup_stm32f334x8.o [1]
  .text              ro code   0x800'70d0     0x4  startup_stm32f334x8.o [1]
  .text              ro code   0x800'70d4     0x4  startup_stm32f334x8.o [1]
  .text              ro code   0x800'70d8     0x4  startup_stm32f334x8.o [1]
  .text              ro code   0x800'70dc     0x4  startup_stm32f334x8.o [1]
  .text              ro code   0x800'70e0     0x4  startup_stm32f334x8.o [1]
  .text              ro code   0x800'70e4     0x4  startup_stm32f334x8.o [1]
  .text              ro code   0x800'70e8     0x4  startup_stm32f334x8.o [1]
  .text              ro code   0x800'70ec     0x4  startup_stm32f334x8.o [1]
  .text              ro code   0x800'70f0     0x4  startup_stm32f334x8.o [1]
  .text              ro code   0x800'70f4     0x4  startup_stm32f334x8.o [1]
  .text              ro code   0x800'70f8     0x4  startup_stm32f334x8.o [1]
  .text              ro code   0x800'70fc     0x4  startup_stm32f334x8.o [1]
  .text              ro code   0x800'7100     0x4  startup_stm32f334x8.o [1]
  .text              ro code   0x800'7104     0x4  startup_stm32f334x8.o [1]
  .text              ro code   0x800'7108     0x4  startup_stm32f334x8.o [1]
  .text              ro code   0x800'710c     0x4  startup_stm32f334x8.o [1]
  .text              ro code   0x800'7110     0x4  startup_stm32f334x8.o [1]
  .text              ro code   0x800'7114     0x4  startup_stm32f334x8.o [1]
  .text              ro code   0x800'7118     0x4  startup_stm32f334x8.o [1]
  .text              ro code   0x800'711c     0x4  startup_stm32f334x8.o [1]
  .text              ro code   0x800'7120     0x4  startup_stm32f334x8.o [1]
  .text              ro code   0x800'7124     0x4  startup_stm32f334x8.o [1]
  .text              ro code   0x800'7128     0x4  startup_stm32f334x8.o [1]
  .text              ro code   0x800'712c     0x4  startup_stm32f334x8.o [1]
  .text              ro code   0x800'7130     0x4  startup_stm32f334x8.o [1]
  .text              ro code   0x800'7134     0x4  startup_stm32f334x8.o [1]
  .text              ro code   0x800'7138     0x4  startup_stm32f334x8.o [1]
  .text              ro code   0x800'713c     0x4  startup_stm32f334x8.o [1]
  .text              ro code   0x800'7140     0x4  startup_stm32f334x8.o [1]
  .text              ro code   0x800'7144     0x4  startup_stm32f334x8.o [1]
  .text              ro code   0x800'7148     0x4  startup_stm32f334x8.o [1]
  .text              ro code   0x800'714c     0x4  startup_stm32f334x8.o [1]
  .text              ro code   0x800'7150     0x4  startup_stm32f334x8.o [1]
  .text              ro code   0x800'7154     0x4  startup_stm32f334x8.o [1]
  .text              ro code   0x800'7158     0x4  startup_stm32f334x8.o [1]
  .text              ro code   0x800'715c     0x4  startup_stm32f334x8.o [1]
  .text              ro code   0x800'7160     0x4  startup_stm32f334x8.o [1]
  .text              ro code   0x800'7164     0x4  startup_stm32f334x8.o [1]
  .text              ro code   0x800'7168     0x4  startup_stm32f334x8.o [1]
  .text              ro code   0x800'716c     0x4  startup_stm32f334x8.o [1]
  .rodata            const     0x800'7170     0x0  zero_init3.o [4]
  .rodata            const     0x800'7170     0x0  copy_init3.o [4]
                             - 0x800'7170  0x6fe8

"P2", part 1 of 3:                           0x94
  P2-1                        0x2000'0000    0x91  <Init block>
    .data            inited   0x2000'0000     0x4  led.o [1]
    .data            inited   0x2000'0004    0x14  state.o [1]
    .data            inited   0x2000'0018    0x14  state.o [1]
    .data            inited   0x2000'002c     0x8  state.o [1]
    .data            inited   0x2000'0034     0x4  state.o [1]
    .data            inited   0x2000'0038     0x4  state.o [1]
    .data            inited   0x2000'003c     0x4  state.o [1]
    .data            inited   0x2000'0040     0x4  system.o [1]
    .data            inited   0x2000'0044     0x4  system.o [1]
    .data            inited   0x2000'0048     0x4  system.o [1]
    .data            inited   0x2000'004c     0x4  system.o [1]
    .data            inited   0x2000'0050     0x4  system.o [1]
    .data            inited   0x2000'0054     0x4  system.o [1]
    .data            inited   0x2000'0058     0x4  system.o [1]
    .data            inited   0x2000'005c     0x4  system.o [1]
    .data            inited   0x2000'0060     0x4  system.o [1]
    .data            inited   0x2000'0064     0x4  system.o [1]
    .data            inited   0x2000'0068     0x4  system.o [1]
    .data            inited   0x2000'006c     0x4  system.o [1]
    .data            inited   0x2000'0070     0x4  system.o [1]
    .data            inited   0x2000'0074     0x4  system_stm32f3xx.o [1]
    .data            inited   0x2000'0078     0x2  battery.o [1]
    .data            inited   0x2000'007a     0x2  battery.o [1]
    .data            inited   0x2000'007c     0x2  battery.o [1]
    .data            inited   0x2000'007e     0x2  battery.o [1]
    .data            inited   0x2000'0080     0x2  battery.o [1]
    .data            inited   0x2000'0082     0x2  battery.o [1]
    .data            inited   0x2000'0084     0x2  panel.o [1]
    .data            inited   0x2000'0086     0x2  panel.o [1]
    .data            inited   0x2000'0088     0x2  system.o [1]
    .data            inited   0x2000'008a     0x1  battery.o [1]
    .data            inited   0x2000'008b     0x1  mppt.o [1]
    .data            inited   0x2000'008c     0x1  panel.o [1]
    .data            inited   0x2000'008d     0x1  state.o [1]
    .data            inited   0x2000'008e     0x1  state.o [1]
    .data            inited   0x2000'008f     0x1  state.o [1]
    .data            inited   0x2000'0090     0x1  system.o [1]
                            - 0x2000'0091    0x91

"P2", part 2 of 3:                         0x1440
  .bss               zero     0x2000'0094   0x7d0  mppt.o [1]
  .bss               zero     0x2000'0864   0x3f0  connectivity.o [1]
  .bss               zero     0x2000'0c54   0x3f0  connectivity.o [1]
  .bss               zero     0x2000'1044    0xdc  system.o [1]
  .bss               zero     0x2000'1120    0x70  system.o [1]
  .bss               zero     0x2000'1190    0x54  system.o [1]
  .bss               zero     0x2000'11e4    0x54  system.o [1]
  .bss               zero     0x2000'1238    0x3c  system.o [1]
  .bss               zero     0x2000'1274    0x3c  system.o [1]
  .bss               zero     0x2000'12b0    0x3c  system.o [1]
  .bss               zero     0x2000'12ec    0x3c  system.o [1]
  .bss               zero     0x2000'1328    0x3c  system.o [1]
  .bss               zero     0x2000'1364    0x38  system.o [1]
  .bss               zero     0x2000'139c    0x18  system.o [1]
  .bss               zero     0x2000'13b4    0x14  connectivity.o [1]
  .bss               zero     0x2000'13c8    0x14  connectivity.o [1]
  .bss               zero     0x2000'13dc    0x14  system.o [1]
  .bss               zero     0x2000'13f0    0x10  system.o [1]
  .bss               zero     0x2000'1400     0x4  dc_dc_ld.o [1]
  .bss               zero     0x2000'1404     0x4  state.o [1]
  .bss               zero     0x2000'1408     0x4  state.o [1]
  .bss               zero     0x2000'140c     0x4  state.o [1]
  .bss               zero     0x2000'1410     0x4  state.o [1]
  .bss               zero     0x2000'1414     0x4  stm32f3xx_hal.o [1]
  .bss               zero     0x2000'1418     0x4  system.o [1]
  .bss               zero     0x2000'141c     0x4  system.o [1]
  .bss               zero     0x2000'1420     0x4  system.o [1]
  .bss               zero     0x2000'1424     0x4  system.o [1]
  .bss               zero     0x2000'1428     0x4  system.o [1]
  .bss               zero     0x2000'142c     0x4  system.o [1]
  .bss               zero     0x2000'1430     0x4  system.o [1]
  .bss               zero     0x2000'1434     0x4  system.o [1]
  .bss               zero     0x2000'1438     0x4  system.o [1]
  .bss               zero     0x2000'143c     0x4  system.o [1]
  .bss               zero     0x2000'1440     0x4  system.o [1]
  .bss               zero     0x2000'1444     0x4  system.o [1]
  .bss               zero     0x2000'1448     0x4  system.o [1]
  .bss               zero     0x2000'144c     0x4  system.o [1]
  .bss               zero     0x2000'1450     0x4  system.o [1]
  .bss               zero     0x2000'1454     0x4  system.o [1]
  .bss               zero     0x2000'1458     0x4  system.o [1]
  .bss               zero     0x2000'145c     0x4  system.o [1]
  .bss               zero     0x2000'1460     0x4  system.o [1]
  .bss               zero     0x2000'1464     0x4  system.o [1]
  .bss               zero     0x2000'1468     0x4  system.o [1]
  .bss               zero     0x2000'146c     0x4  system.o [1]
  .bss               zero     0x2000'1470     0x4  system.o [1]
  .bss               zero     0x2000'1474     0x4  system.o [1]
  .bss               zero     0x2000'1478     0x4  system.o [1]
  .bss               zero     0x2000'147c     0x4  system.o [1]
  .bss               zero     0x2000'1480     0x4  system.o [1]
  .bss               zero     0x2000'1484     0x4  system.o [1]
  .bss               zero     0x2000'1488     0x4  system.o [1]
  .bss               zero     0x2000'148c     0x4  system.o [1]
  .bss               zero     0x2000'1490     0x4  system.o [1]
  .bss               zero     0x2000'1494     0x4  system.o [1]
  .bss               zero     0x2000'1498     0x4  system.o [1]
  .bss               zero     0x2000'149c     0x4  system.o [1]
  .bss               zero     0x2000'14a0     0x2  battery.o [1]
  .bss               zero     0x2000'14a2     0x2  battery.o [1]
  .bss               zero     0x2000'14a4     0x2  battery.o [1]
  .bss               zero     0x2000'14a6     0x2  battery.o [1]
  .bss               zero     0x2000'14a8     0x2  dc_dc_ld.o [1]
  .bss               zero     0x2000'14aa     0x2  mppt.o [1]
  .bss               zero     0x2000'14ac     0x2  mppt.o [1]
  .bss               zero     0x2000'14ae     0x2  mppt.o [1]
  .bss               zero     0x2000'14b0     0x2  mppt.o [1]
  .bss               zero     0x2000'14b2     0x2  panel.o [1]
  .bss               zero     0x2000'14b4     0x2  state.o [1]
  .bss               zero     0x2000'14b6     0x2  state.o [1]
  .bss               zero     0x2000'14b8     0x2  system.o [1]
  .bss               zero     0x2000'14ba     0x1  ac_dc_ld.o [1]
  .bss               zero     0x2000'14bb     0x1  connectivity.o [1]
  .bss               zero     0x2000'14bc     0x1  dc_dc_ld.o [1]
  .bss               zero     0x2000'14bd     0x1  led.o [1]
  .bss               zero     0x2000'14be     0x1  mppt.o [1]
  .bss               zero     0x2000'14bf     0x1  state.o [1]
  .bss               zero     0x2000'14c0     0x1  state.o [1]
  .bss               zero     0x2000'14c1     0x1  state.o [1]
  .bss               zero     0x2000'14c2     0x1  state.o [1]
  .bss               zero     0x2000'14c3     0x1  state.o [1]
  .bss               zero     0x2000'14c4     0x1  state.o [1]
  .bss               zero     0x2000'14c5     0x1  state.o [1]
  .bss               zero     0x2000'14c6     0x1  state.o [1]
  .bss               zero     0x2000'14c7     0x1  state.o [1]
  .bss               zero     0x2000'14c8     0x1  state.o [1]
  .bss               zero     0x2000'14c9     0x1  state.o [1]
  .bss               zero     0x2000'14ca     0x1  system.o [1]
  .bss               zero     0x2000'14cb     0x1  system.o [1]
  .bss               zero     0x2000'14cc     0x1  system.o [1]
  .bss               zero     0x2000'14cd     0x1  system.o [1]
  .bss               zero     0x2000'14ce     0x1  system.o [1]
  .bss               zero     0x2000'14cf     0x1  system.o [1]
  .bss               zero     0x2000'14d0     0x1  system.o [1]
  .bss               zero     0x2000'14d1     0x1  system.o [1]
  .bss               zero     0x2000'14d2     0x1  system.o [1]
  .bss               zero     0x2000'14d3     0x1  system.o [1]
                            - 0x2000'14d4  0x1440

"P2", part 3 of 3:                          0x800
  CSTACK                      0x2000'14d8   0x800  <Block>
    CSTACK           uninit   0x2000'14d8   0x800  <Block tail>
                            - 0x2000'1cd8   0x800

Unused ranges:

         From           To    Size
         ----           --    ----
   0x800'7170   0x800'ffff  0x8e90
  0x2000'14d4  0x2000'14d7     0x4
  0x2000'1cd8  0x2000'2fff  0x1328


*******************************************************************************
*** INIT TABLE
***

          Address      Size
          -------      ----
Zero (__iar_zero_init3)
    1 destination range, total size 0x1440:
          0x2000'0094  0x1440

Copy (__iar_copy_init3)
    1 source range, total size 0x94 (102% of destination):
           0x800'6ddc    0x94
    1 destination range, total size 0x91:
          0x2000'0000    0x91



*******************************************************************************
*** MODULE SUMMARY
***

    Module                  ro code  ro data  rw data
    ------                  -------  -------  -------
command line/config:
    -------------------------------------------------
    Total:

C:\Users\Venky Rapaka\Pictures\3slnode-stmicro\LT.LED0038.16_FW\EWARM\HRTIM_test_master\Obj: [1]
    ac_dc_ld.o                   36                 1
    battery.o                   256       13       21
    connectivity.o              640             2'057
    dc_dc_ld.o                  128                 7
    led.o                        60        4        5
    main.o                      132
    mppt.o                      444        1    2'010
    panel.o                      84        5        7
    startup_stm32f334x8.o       616
    state.o                   2'920       63       94
    stm32f3xx_hal.o             124                 4
    stm32f3xx_hal_adc.o           6
    stm32f3xx_hal_adc_ex.o    4'980
    stm32f3xx_hal_cortex.o      360
    stm32f3xx_hal_dma.o         614
    stm32f3xx_hal_gpio.o        824
    stm32f3xx_hal_hrtim.o     2'348
    stm32f3xx_hal_msp.o         912
    stm32f3xx_hal_rcc.o       2'968       48
    stm32f3xx_hal_rcc_ex.o      428
    stm32f3xx_hal_tim.o       1'524
    stm32f3xx_hal_tim_ex.o      712
    stm32f3xx_hal_uart.o      1'234
    stm32f3xx_hal_wwdg.o        162
    stm32f3xx_it.o              142
    system.o                  4'616       55    1'119
    system_stm32f3xx.o          132        4        4
    -------------------------------------------------
    Total:                   27'402      193    5'329

dl7M_tln.a: [2]
    exit.o                        4
    low_level_init.o              4
    -------------------------------------------------
    Total:                        8

m7M_tls.a: [3]
    DblAdd.o                    378
    DblMul.o                    418
    DblSub.o                    210
    DblToS32.o                   58
    S32ToDbl.o                   34
    U32ToDbl.o                   26
    fpinit_M.o                   34
    -------------------------------------------------
    Total:                    1'158

rt7M_tl.a: [4]
    cexit.o                      10
    cmain.o                      30
    copy_init3.o                 46
    cstartup_M.o                 12
    data_init.o                  40
    zero_init3.o                 58
    -------------------------------------------------
    Total:                      196

shb_l.a: [5]
    exit.o                       20
    -------------------------------------------------
    Total:                       20

    Gaps                         22        2
    Linker created                        39    2'048
-----------------------------------------------------
    Grand Total:             28'806      234    7'377


*******************************************************************************
*** ENTRY LIST
***

Entry                       Address   Size  Type      Object
-----                       -------   ----  ----      ------
.iar.init_table$$Base    0x800'6fe8          --   Gb  - Linker created -
.iar.init_table$$Limit   0x800'700c          --   Gb  - Linker created -
?main                    0x800'700d         Code  Gb  cmain.o [4]
ADC1_2_IRQHandler        0x800'3223   0x1a  Code  Gb  stm32f3xx_it.o [1]
ADC_ConversionStop       0x800'1407   0xd8  Code  Lc  stm32f3xx_hal_adc_ex.o [1]
ADC_DMAConvCplt          0x800'1297   0x4a  Code  Lc  stm32f3xx_hal_adc_ex.o [1]
ADC_DMAError             0x800'12eb   0x1a  Code  Lc  stm32f3xx_hal_adc_ex.o [1]
ADC_DMAHalfConvCplt      0x800'12e1    0xa  Code  Lc  stm32f3xx_hal_adc_ex.o [1]
ADC_Disable              0x800'1383   0x84  Code  Lc  stm32f3xx_hal_adc_ex.o [1]
ADC_Enable               0x800'1305   0x7e  Code  Lc  stm32f3xx_hal_adc_ex.o [1]
AdcRegV                 0x2000'139c   0x18  Data  Gb  system.o [1]
BattChargingCurrent     0x2000'14a4    0x2  Data  Lc  battery.o [1]
BattCurrK               0x2000'1450    0x4  Data  Gb  system.o [1]
BattDischgCurrent       0x2000'14d0    0x1  Data  Gb  system.o [1]
BattFltCurrent          0x2000'0080    0x2  Data  Lc  battery.o [1]
BattFltVoltage          0x2000'007c    0x2  Data  Lc  battery.o [1]
BattFltVoltage_TC       0x2000'14a0    0x2  Data  Gb  battery.o [1]
BattMaxChargingCurrent  0x2000'0082    0x2  Data  Lc  battery.o [1]
BattMaxVoltage          0x2000'007e    0x2  Data  Lc  battery.o [1]
BattMaxVoltage_TC       0x2000'14a2    0x2  Data  Gb  battery.o [1]
BattMinDischrgVoltage   0x2000'007a    0x2  Data  Lc  battery.o [1]
BattMinVoltage          0x2000'0078    0x2  Data  Lc  battery.o [1]
BattVoltage             0x2000'14a6    0x2  Data  Gb  battery.o [1]
Batt_Tick_10            0x2000'14d2    0x1  Data  Gb  system.o [1]
Batt_Tick_1000s         0x2000'14d3    0x1  Data  Gb  system.o [1]
CSTACK$$Base            0x2000'14d8          --   Gb  - Linker created -
CSTACK$$Limit           0x2000'1cd8          --   Gb  - Linker created -
CurrentState_Conn       0x2000'14bf    0x1  Data  Lc  state.o [1]
CurrentState_LED        0x2000'008d    0x1  Data  Lc  state.o [1]
CurrentState_SCC        0x2000'008e    0x1  Data  Lc  state.o [1]
DIMM_ONE                0x2000'0034    0x4  Data  Lc  state.o [1]
DIMM_THREE              0x2000'003c    0x4  Data  Lc  state.o [1]
DIMM_TWO                0x2000'0038    0x4  Data  Lc  state.o [1]
DMA1_Channel1_IRQHandler
                         0x800'3221    0x2  Code  Gb  stm32f3xx_it.o [1]
DMA_SetConfig            0x800'1ad1   0x22  Code  Lc  stm32f3xx_hal_dma.o [1]
DcDcBoostPeriod         0x2000'1428    0x4  Data  Gb  system.o [1]
DcDcLdDutyChange        0x2000'142c    0x4  Data  Gb  system.o [1]
DcDcLdDutyPeriod        0x2000'1430    0x4  Data  Gb  system.o [1]
DcDcLdMaxDutyPeriod     0x2000'0058    0x4  Data  Gb  system.o [1]
DcDcLdMinDutyPeriod     0x2000'005c    0x4  Data  Gb  system.o [1]
DcDcLdOutVoltage        0x2000'14a8    0x2  Data  Gb  dc_dc_ld.o [1]
EXTI15_10_IRQHandler     0x800'3285    0xc  Code  Gb  stm32f3xx_it.o [1]
Flag_ReadPacketData     0x2000'14bb    0x1  Data  Lc  connectivity.o [1]
HAL_ADCEx_Calibration_Start
                         0x800'0879   0xa0  Code  Gb  stm32f3xx_hal_adc_ex.o [1]
HAL_ADCEx_InjectedConfigChannel
                         0x800'0e29  0x46e  Code  Gb  stm32f3xx_hal_adc_ex.o [1]
HAL_ADCEx_InjectedConvCpltCallback
                         0x800'2ead   0xb4  Code  Gb  system.o [1]
HAL_ADCEx_InjectedConvCpltCallback::count1
                        0x2000'1494    0x4  Data  Lc  system.o [1]
HAL_ADCEx_InjectedConvCpltCallback::count2
                        0x2000'1498    0x4  Data  Lc  system.o [1]
HAL_ADCEx_InjectedConvCpltCallback::countLedI
                        0x2000'1490    0x4  Data  Lc  system.o [1]
HAL_ADCEx_InjectedConvCpltCallback::tmpVal
                        0x2000'149c    0x4  Data  Lc  system.o [1]
HAL_ADCEx_InjectedStart_IT
                         0x800'0929  0x100  Code  Gb  stm32f3xx_hal_adc_ex.o [1]
HAL_ADC_ConfigChannel    0x800'0a35  0x3e8  Code  Gb  stm32f3xx_hal_adc_ex.o [1]
HAL_ADC_ConvCpltCallback
                         0x800'1b39    0x2  Code  Wk  stm32f3xx_hal_adc.o [1]
HAL_ADC_ConvHalfCpltCallback
                         0x800'1b3b    0x2  Code  Wk  stm32f3xx_hal_adc.o [1]
HAL_ADC_DeInit           0x800'03c3  0x1ee  Code  Gb  stm32f3xx_hal_adc_ex.o [1]
HAL_ADC_ErrorCallback    0x800'1b3d    0x2  Code  Wk  stm32f3xx_hal_adc.o [1]
HAL_ADC_Init             0x800'0189  0x23a  Code  Gb  stm32f3xx_hal_adc_ex.o [1]
HAL_ADC_MspDeInit        0x800'15bb   0x36  Code  Gb  stm32f3xx_hal_msp.o [1]
HAL_ADC_MspInit          0x800'1529   0x92  Code  Gb  stm32f3xx_hal_msp.o [1]
HAL_ADC_Start            0x800'05b1  0x106  Code  Gb  stm32f3xx_hal_adc_ex.o [1]
HAL_ADC_Start_DMA        0x800'0703  0x144  Code  Gb  stm32f3xx_hal_adc_ex.o [1]
HAL_ADC_Stop             0x800'06b7   0x4c  Code  Gb  stm32f3xx_hal_adc_ex.o [1]
HAL_DMA_DeInit           0x800'18e1  0x172  Code  Gb  stm32f3xx_hal_dma.o [1]
HAL_DMA_Init             0x800'188d   0x54  Code  Gb  stm32f3xx_hal_dma.o [1]
HAL_DMA_Start_IT         0x800'1a53   0x62  Code  Gb  stm32f3xx_hal_dma.o [1]
HAL_Delay                0x800'5919   0x18  Code  Wk  stm32f3xx_hal.o [1]
HAL_GPIO_DeInit          0x800'1e7f  0x136  Code  Gb  stm32f3xx_hal_gpio.o [1]
HAL_GPIO_EXTI_Callback   0x800'3291   0x12  Code  Gb  stm32f3xx_it.o [1]
HAL_GPIO_EXTI_IRQHandler
                         0x800'1fc7   0x1c  Code  Gb  stm32f3xx_hal_gpio.o [1]
HAL_GPIO_Init            0x800'1cd5  0x1aa  Code  Gb  stm32f3xx_hal_gpio.o [1]
HAL_GPIO_WritePin        0x800'1fb5   0x12  Code  Gb  stm32f3xx_hal_gpio.o [1]
HAL_GetTick              0x800'1b2d    0xc  Code  Wk  stm32f3xx_hal.o [1]
HAL_HRTIM_ADCTriggerConfig
                         0x800'4a71   0xae  Code  Gb  stm32f3xx_hal_hrtim.o [1]
HAL_HRTIM_DLLCalibrationStart
                         0x800'49ab   0x44  Code  Gb  stm32f3xx_hal_hrtim.o [1]
HAL_HRTIM_Init           0x800'48a5  0x106  Code  Gb  stm32f3xx_hal_hrtim.o [1]
HAL_HRTIM_MspInit        0x800'15f1   0x22  Code  Gb  stm32f3xx_hal_msp.o [1]
HAL_HRTIM_MspPostInit    0x800'1613   0x30  Code  Gb  stm32f3xx_hal_msp.o [1]
HAL_HRTIM_PollForDLLCalibration
                         0x800'49ef   0x46  Code  Gb  stm32f3xx_hal_hrtim.o [1]
HAL_HRTIM_TimeBaseConfig
                         0x800'4a35   0x34  Code  Gb  stm32f3xx_hal_hrtim.o [1]
HAL_HRTIM_WaveformCompareConfig
                         0x800'4baf  0x1ba  Code  Gb  stm32f3xx_hal_hrtim.o [1]
HAL_HRTIM_WaveformCounterStart
                         0x800'4ddd   0x32  Code  Gb  stm32f3xx_hal_hrtim.o [1]
HAL_HRTIM_WaveformOutputConfig
                         0x800'4d69   0x3e  Code  Gb  stm32f3xx_hal_hrtim.o [1]
HAL_HRTIM_WaveformOutputStart
                         0x800'4da7   0x36  Code  Gb  stm32f3xx_hal_hrtim.o [1]
HAL_HRTIM_WaveformTimerConfig
                         0x800'4b1f   0x90  Code  Gb  stm32f3xx_hal_hrtim.o [1]
HAL_IncTick              0x800'5de9   0x10  Code  Wk  stm32f3xx_hal.o [1]
HAL_Init                 0x800'6ef5   0x20  Code  Gb  stm32f3xx_hal.o [1]
HAL_InitTick             0x800'5df9   0x24  Code  Wk  stm32f3xx_hal.o [1]
HAL_MspInit              0x800'14fd   0x2c  Code  Gb  stm32f3xx_hal_msp.o [1]
HAL_NVIC_DisableIRQ      0x800'1c7b    0xa  Code  Gb  stm32f3xx_hal_cortex.o [1]
HAL_NVIC_EnableIRQ       0x800'1c71    0xa  Code  Gb  stm32f3xx_hal_cortex.o [1]
HAL_NVIC_SetPriority     0x800'1c4f   0x22  Code  Gb  stm32f3xx_hal_cortex.o [1]
HAL_NVIC_SetPriorityGrouping
                         0x800'1c47    0x8  Code  Gb  stm32f3xx_hal_cortex.o [1]
HAL_RCCEx_PeriphCLKConfig
                         0x800'3e3d  0x18e  Code  Gb  stm32f3xx_hal_rcc_ex.o [1]
HAL_RCC_ClockConfig      0x800'39d3  0x356  Code  Gb  stm32f3xx_hal_rcc.o [1]
HAL_RCC_GetHCLKFreq      0x800'3d91   0x26  Code  Gb  stm32f3xx_hal_rcc.o [1]
HAL_RCC_GetPCLK1Freq     0x800'3db7   0x20  Code  Gb  stm32f3xx_hal_rcc.o [1]
HAL_RCC_GetPCLK2Freq     0x800'3dd7   0x20  Code  Gb  stm32f3xx_hal_rcc.o [1]
HAL_RCC_GetSysClockFreq
                         0x800'3d29   0x68  Code  Gb  stm32f3xx_hal_rcc.o [1]
HAL_RCC_OscConfig        0x800'32a5  0x72e  Code  Gb  stm32f3xx_hal_rcc.o [1]
HAL_SYSTICK_CLKSourceConfig
                         0x800'1c8d   0x1c  Code  Gb  stm32f3xx_hal_cortex.o [1]
HAL_SYSTICK_Callback     0x800'3077   0x74  Code  Gb  system.o [1]
HAL_SYSTICK_Config       0x800'1c85    0x8  Code  Gb  stm32f3xx_hal_cortex.o [1]
HAL_SYSTICK_IRQHandler   0x800'1ccd    0x8  Code  Gb  stm32f3xx_hal_cortex.o [1]
HAL_TIMEx_MasterConfigSynchronization
                         0x800'4767   0x50  Code  Gb  stm32f3xx_hal_tim_ex.o [1]
HAL_TIMEx_PWMN_Start     0x800'45dd   0x28  Code  Gb  stm32f3xx_hal_tim_ex.o [1]
HAL_TIM_Base_Init        0x800'3fe9   0x38  Code  Gb  stm32f3xx_hal_tim.o [1]
HAL_TIM_Base_MspInit     0x800'1665   0xb4  Code  Gb  stm32f3xx_hal_msp.o [1]
HAL_TIM_Base_Start_IT    0x800'4021   0x1c  Code  Gb  stm32f3xx_hal_tim.o [1]
HAL_TIM_Base_Stop_IT     0x800'403d   0x34  Code  Gb  stm32f3xx_hal_tim.o [1]
HAL_TIM_ConfigClockSource
                         0x800'41a9  0x11a  Code  Gb  stm32f3xx_hal_tim.o [1]
HAL_TIM_MspPostInit      0x800'1719   0xc2  Code  Gb  stm32f3xx_hal_msp.o [1]
HAL_TIM_PWM_ConfigChannel
                         0x800'4605  0x162  Code  Gb  stm32f3xx_hal_tim_ex.o [1]
HAL_TIM_PWM_Init         0x800'4071   0x38  Code  Gb  stm32f3xx_hal_tim.o [1]
HAL_TIM_PWM_MspInit      0x800'1643   0x22  Code  Gb  stm32f3xx_hal_msp.o [1]
HAL_TIM_PWM_Start        0x800'40a9   0x5c  Code  Gb  stm32f3xx_hal_tim.o [1]
HAL_TIM_PWM_Stop         0x800'4105   0x92  Code  Gb  stm32f3xx_hal_tim.o [1]
HAL_TIM_PeriodElapsedCallback
                         0x800'2f75   0xcc  Code  Gb  system.o [1]
HAL_UART_DeInit          0x800'524f   0x4a  Code  Gb  stm32f3xx_hal_uart.o [1]
HAL_UART_Init            0x800'51d1   0x7e  Code  Gb  stm32f3xx_hal_uart.o [1]
HAL_UART_MspInit         0x800'17db   0x52  Code  Gb  stm32f3xx_hal_msp.o [1]
HAL_UART_RxCpltCallback
                         0x800'3069    0xe  Code  Gb  system.o [1]
HAL_WWDG_Init            0x800'56a1   0x4c  Code  Gb  stm32f3xx_hal_wwdg.o [1]
HAL_WWDG_MspInit         0x800'182d   0x28  Code  Gb  stm32f3xx_hal_msp.o [1]
HAL_WWDG_Refresh         0x800'5717   0x2c  Code  Gb  stm32f3xx_hal_wwdg.o [1]
HAL_WWDG_Start           0x800'56ed   0x2a  Code  Gb  stm32f3xx_hal_wwdg.o [1]
HRTIM_ForceRegistersUpdate
                         0x800'5151   0x80  Code  Lc  stm32f3xx_hal_hrtim.o [1]
HRTIM_MasterBase_Config
                         0x800'4e0f   0x26  Code  Lc  stm32f3xx_hal_hrtim.o [1]
HRTIM_MasterWaveform_Config
                         0x800'4e87   0x5c  Code  Lc  stm32f3xx_hal_hrtim.o [1]
HRTIM_OutputConfig       0x800'5071   0xe0  Code  Lc  stm32f3xx_hal_hrtim.o [1]
HRTIM_TimingUnitBase_Config
                         0x800'4e35   0x52  Code  Lc  stm32f3xx_hal_hrtim.o [1]
HRTIM_TimingUnitWaveform_Config
                         0x800'4ee3  0x18e  Code  Lc  stm32f3xx_hal_hrtim.o [1]
IgnoreLedCurrent        0x2000'14d1    0x1  Data  Gb  system.o [1]
Ki                      0x2000'0064    0x4  Data  Gb  system.o [1]
Kp                      0x2000'0060    0x4  Data  Gb  system.o [1]
LedCurrent              0x2000'144c    0x4  Data  Gb  system.o [1]
LedCurrentErrorI        0x2000'1438    0x4  Data  Gb  system.o [1]
LedCurrentErrorP        0x2000'1434    0x4  Data  Gb  system.o [1]
LedCurrentGain          0x2000'1444    0x4  Data  Gb  system.o [1]
LedCurrentGainI         0x2000'1440    0x4  Data  Gb  system.o [1]
LedCurrentGainP         0x2000'143c    0x4  Data  Gb  system.o [1]
LedI                    0x2000'13f0   0x10  Data  Gb  system.o [1]
LedI_CurrTh             0x2000'1448    0x4  Data  Gb  system.o [1]
LedI_Th                 0x2000'0000    0x4  Data  Gb  led.o [1]
LedStateChange          0x2000'14c0    0x1  Data  Lc  state.o [1]
LedStateChangeTick      0x2000'1408    0x4  Data  Lc  state.o [1]
Led_default             0x2000'140c    0x4  Data  Gb  state.o [1]
LightDim                0x2000'14cf    0x1  Data  Gb  system.o [1]
LightOn                 0x2000'14ce    0x1  Data  Gb  system.o [1]
MX_TIM16_Init            0x800'20e9   0x6c  Code  Lc  system.o [1]
MpptBattCurrArray       0x2000'0094  0x7d0  Data  Lc  mppt.o [1]
MpptBattMaxCurr         0x2000'14aa    0x2  Data  Lc  mppt.o [1]
MpptPwmDutyCurr         0x2000'14ae    0x2  Data  Lc  mppt.o [1]
MpptPwmDutyMax          0x2000'14ac    0x2  Data  Lc  mppt.o [1]
MpptPwmDutyRef          0x2000'14b0    0x2  Data  Lc  mppt.o [1]
MpptSign                0x2000'008b    0x1  Data  Lc  mppt.o [1]
MpptStage               0x2000'14be    0x1  Data  Lc  mppt.o [1]
NVIC_DisableIRQ          0x800'1ba5   0x14  Code  Lc  stm32f3xx_hal_cortex.o [1]
NVIC_EnableIRQ           0x800'1b91   0x14  Code  Lc  stm32f3xx_hal_cortex.o [1]
NVIC_EncodePriority      0x800'1bdd   0x3c  Code  Lc  stm32f3xx_hal_cortex.o [1]
NVIC_GetPriorityGrouping
                         0x800'1b87    0xa  Code  Lc  stm32f3xx_hal_cortex.o [1]
NVIC_SetPriority         0x800'1bb9   0x24  Code  Lc  stm32f3xx_hal_cortex.o [1]
NVIC_SetPriorityGrouping
                         0x800'1b6d   0x1a  Code  Lc  stm32f3xx_hal_cortex.o [1]
NVIC_SystemReset         0x800'6095   0x1e  Code  Lc  state.o [1]
NVIC_SystemReset         0x800'200d   0x1e  Code  Lc  system.o [1]
PacketRxData            0x2000'13b4   0x14  Data  Lc  connectivity.o [1]
PacketTxData            0x2000'13c8   0x14  Data  Lc  connectivity.o [1]
PanelMinVoltage         0x2000'0084    0x2  Data  Lc  panel.o [1]
PanelMpptVoltage        0x2000'0086    0x2  Data  Lc  panel.o [1]
PanelVoltage            0x2000'14b2    0x2  Data  Lc  panel.o [1]
Panel_Charging_Time     0x2000'0050    0x4  Data  Gb  system.o [1]
Panel_Discharging_Time  0x2000'0054    0x4  Data  Gb  system.o [1]
Region$$Table$$Base      0x800'6fe8          --   Gb  - Linker created -
Region$$Table$$Limit     0x800'700c          --   Gb  - Linker created -
RxQ                     0x2000'0864  0x3f0  Data  Lc  connectivity.o [1]
SCC_CCR_Value           0x2000'1418    0x4  Data  Gb  system.o [1]
SM_ThreeSl               0x800'6a2d  0x11a  Code  Gb  state.o [1]
SM_ThreeSl::currLedOnFlag
                        0x2000'14c9    0x1  Data  Lc  state.o [1]
SM_ThreeSl::prevLedOnFlag
                        0x2000'14c8    0x1  Data  Lc  state.o [1]
Sp1mlUart               0x2000'1120   0x70  Data  Gb  system.o [1]
StateFlags_AcDcLd       0x2000'14ba    0x1  Data  Lc  ac_dc_ld.o [1]
StateFlags_Battery      0x2000'008a    0x1  Data  Lc  battery.o [1]
StateFlags_DcDcLd       0x2000'14bc    0x1  Data  Lc  dc_dc_ld.o [1]
StateFlags_Led          0x2000'14bd    0x1  Data  Lc  led.o [1]
StateFlags_Panel        0x2000'008c    0x1  Data  Lc  panel.o [1]
StateTable_Conn         0x2000'002c    0x8  Data  Lc  state.o [1]
StateTable_LED          0x2000'0004   0x14  Data  Lc  state.o [1]
StateTable_SCC          0x2000'0018   0x14  Data  Lc  state.o [1]
State_BatteryStatus     0x2000'14c3    0x1  Data  Lc  state.o [1]
State_SensorStatus      0x2000'14c2    0x1  Data  Lc  state.o [1]
State_SubSystem         0x2000'14c1    0x1  Data  Lc  state.o [1]
SysTick_Config           0x800'1c19   0x2e  Code  Lc  stm32f3xx_hal_cortex.o [1]
SysTick_Handler          0x800'3215    0xc  Code  Gb  stm32f3xx_it.o [1]
SystemClock_Config       0x800'202b   0x7a  Code  Gb  system.o [1]
SystemCoreClock         0x2000'0074    0x4  Data  Gb  system_stm32f3xx.o [1]
SystemInit               0x800'6f19   0x5a  Code  Gb  system_stm32f3xx.o [1]
Sytem_Reset_Trigger     0x2000'145c    0x4  Data  Gb  system.o [1]
TIM1_TRG_COM_TIM17_IRQHandler
                         0x800'323d   0x1a  Code  Gb  stm32f3xx_it.o [1]
TIM_Base_SetConfig       0x800'42c5   0x84  Code  Gb  stm32f3xx_hal_tim.o [1]
TIM_CCxChannelCmd        0x800'45bf   0x1e  Code  Gb  stm32f3xx_hal_tim.o [1]
TIM_CCxNChannelCmd       0x800'47b7   0x1e  Code  Lc  stm32f3xx_hal_tim_ex.o [1]
TIM_ETR_SetConfig        0x800'45a7   0x18  Code  Gb  stm32f3xx_hal_tim.o [1]
TIM_ITRx_SetConfig       0x800'4593   0x14  Code  Lc  stm32f3xx_hal_tim.o [1]
TIM_OC1_SetConfig        0x800'4349   0x82  Code  Gb  stm32f3xx_hal_tim.o [1]
TIM_OC2_SetConfig        0x800'43cb   0x7a  Code  Gb  stm32f3xx_hal_tim.o [1]
TIM_OC3_SetConfig        0x800'4445   0x78  Code  Gb  stm32f3xx_hal_tim.o [1]
TIM_OC4_SetConfig        0x800'44bd   0x5e  Code  Gb  stm32f3xx_hal_tim.o [1]
TIM_OC5_SetConfig        0x800'47d5   0x58  Code  Lc  stm32f3xx_hal_tim_ex.o [1]
TIM_OC6_SetConfig        0x800'482f   0x5a  Code  Lc  stm32f3xx_hal_tim_ex.o [1]
TIM_TI1_ConfigInputStage
                         0x800'4541   0x28  Code  Lc  stm32f3xx_hal_tim.o [1]
TIM_TI2_ConfigInputStage
                         0x800'4569   0x2a  Code  Lc  stm32f3xx_hal_tim.o [1]
TS_CAL1_H               0x2000'0040    0x4  Data  Gb  system.o [1]
TS_CAL1_L               0x2000'0044    0x4  Data  Gb  system.o [1]
TS_CAL2_H               0x2000'0048    0x4  Data  Gb  system.o [1]
TS_CAL2_L               0x2000'004c    0x4  Data  Gb  system.o [1]
TempCal1H               0x2000'14cb    0x1  Data  Gb  system.o [1]
TempCal1L               0x2000'14ca    0x1  Data  Gb  system.o [1]
TempCal2H               0x2000'14cd    0x1  Data  Gb  system.o [1]
TempCal2L               0x2000'14cc    0x1  Data  Gb  system.o [1]
TempOffset              0x2000'1420    0x4  Data  Gb  system.o [1]
TempSlope               0x2000'141c    0x4  Data  Gb  system.o [1]
Temperature             0x2000'1424    0x4  Data  Gb  system.o [1]
ThreeSL_State           0x2000'1404    0x4  Data  Gb  state.o [1]
ThreeSlDcDcLdLoopTim    0x2000'1328   0x3c  Data  Gb  system.o [1]
ThreeSlLedAnaDimTim     0x2000'12ec   0x3c  Data  Gb  system.o [1]
ThreeSlLedEnTim         0x2000'12b0   0x3c  Data  Gb  system.o [1]
ThreeSlSccTim           0x2000'1238   0x3c  Data  Lc  system.o [1]
ThreeSlSccTimAcutalDuty
                        0x2000'14b8    0x2  Data  Gb  system.o [1]
Tick_10                 0x2000'0088    0x2  Data  Gb  system.o [1]
Tick_1000s              0x2000'0068    0x4  Data  Gb  system.o [1]
Tick_1h                 0x2000'006c    0x4  Data  Gb  system.o [1]
Tick_Flag               0x2000'0070    0x4  Data  Gb  system.o [1]
TxQ                     0x2000'0c54  0x3f0  Data  Lc  connectivity.o [1]
UART_AdvFeatureConfig    0x800'5491   0xda  Code  Gb  stm32f3xx_hal_uart.o [1]
UART_CheckIdleState      0x800'556b   0x58  Code  Gb  stm32f3xx_hal_uart.o [1]
UART_SetConfig           0x800'5299  0x1da  Code  Gb  stm32f3xx_hal_uart.o [1]
UART_WaitOnFlagUntilTimeout
                         0x800'55c3   0xde  Code  Gb  stm32f3xx_hal_uart.o [1]
USART3_IRQHandler        0x800'3257   0x12  Code  Gb  stm32f3xx_it.o [1]
Uart_ResetCount         0x2000'1458    0x4  Data  Gb  system.o [1]
Uart_Wait_Tick          0x2000'1454    0x4  Data  Gb  system.o [1]
WWDG_IRQHandler          0x800'3269    0xc  Code  Gb  stm32f3xx_it.o [1]
WwdgHandle              0x2000'13dc   0x14  Data  Gb  system.o [1]
__aeabi_d2iz             0x800'5af1         Code  Gb  DblToS32.o [3]
__aeabi_dadd             0x800'5e45         Code  Gb  DblAdd.o [3]
__aeabi_dmul             0x800'594d         Code  Gb  DblMul.o [3]
__aeabi_i2d              0x800'5e21         Code  Gb  S32ToDbl.o [3]
__aeabi_ui2d             0x800'5931         Code  Gb  U32ToDbl.o [3]
__cmain                  0x800'700d         Code  Gb  cmain.o [4]
__exit                   0x800'7041   0x14  Code  Gb  exit.o [5]
__iar_copy_init3         0x800'1b3f   0x2e  Code  Gb  copy_init3.o [4]
__iar_dadd               0x800'5fc1         Code  Gb  DblSub.o [3]
__iar_data_init3         0x800'6f9d   0x28  Code  Gb  data_init.o [4]
__iar_dsub               0x800'5e55         Code  Gb  DblAdd.o [3]
__iar_dsubStart          0x800'5e67         Code  Gb  DblAdd.o [3]
__iar_init_vfp           0x800'6fc5         Code  Gb  fpinit_M.o [3]
__iar_program_start      0x800'7095         Code  Gb  cstartup_M.o [4]
__iar_zero_init3         0x800'1af3   0x3a  Code  Gb  zero_init3.o [4]
__low_level_init         0x800'702b    0x4  Code  Gb  low_level_init.o [2]
__vector_table           0x800'0000         Data  Gb  startup_stm32f334x8.o [1]
_call_main               0x800'7019         Code  Gb  cmain.o [4]
_exit                    0x800'7035         Code  Gb  cexit.o [4]
_main                    0x800'7027         Code  Gb  cmain.o [4]
aAPBAHBPrescTable        0x800'7054   0x10  Data  Gb  stm32f3xx_hal_rcc.o [1]
aPLLMULFactorTable       0x800'7064   0x10  Data  Gb  stm32f3xx_hal_rcc.o [1]
aPredivFactorTable       0x800'7074   0x10  Data  Gb  stm32f3xx_hal_rcc.o [1]
ac_dc_ld_GetFlag         0x800'6c09   0x10  Code  Gb  ac_dc_ld.o [1]
ac_dc_ld_ResetFlag       0x800'6bfd    0xc  Code  Gb  ac_dc_ld.o [1]
battery_GetChargngCurrent
                         0x800'57cd    0x6  Code  Gb  battery.o [1]
battery_GetFlag          0x800'57f7   0x10  Code  Gb  battery.o [1]
battery_GetFltCurrent    0x800'57db    0x6  Code  Gb  battery.o [1]
battery_GetFltVoltage    0x800'57c1    0x6  Code  Gb  battery.o [1]
battery_GetMaxCurrent    0x800'57c7    0x6  Code  Gb  battery.o [1]
battery_GetMaxVoltage    0x800'57b5    0x6  Code  Gb  battery.o [1]
battery_GetMinDischrgVoltage
                         0x800'57bb    0x6  Code  Gb  battery.o [1]
battery_GetMinVoltage    0x800'57af    0x6  Code  Gb  battery.o [1]
battery_GetVoltage       0x800'5745    0x6  Code  Gb  battery.o [1]
battery_ResetFlag        0x800'57eb    0xc  Code  Gb  battery.o [1]
battery_SetFlag          0x800'57e1    0xa  Code  Gb  battery.o [1]
battery_UpdateChgCurrent
                         0x800'57d3    0x8  Code  Gb  battery.o [1]
battery_UpdateVoltage    0x800'574b   0x64  Code  Gb  battery.o [1]
changeState             0x2000'14c4    0x1  Data  Lc  state.o [1]
conn_ExtractPacket       0x800'5bbf  0x106  Code  Gb  connectivity.o [1]
conn_GetPacketData       0x800'5cd1    0x8  Code  Gb  connectivity.o [1]
conn_GetReadPacketDataStatus
                         0x800'5ccb    0x6  Code  Gb  connectivity.o [1]
conn_PacketHandler       0x800'5b7f   0x40  Code  Gb  connectivity.o [1]
conn_ReadData            0x800'5b2d   0x52  Code  Gb  connectivity.o [1]
conn_ResetConn           0x800'5d67   0x30  Code  Gb  connectivity.o [1]
conn_SetPacketData       0x800'5cd9    0x8  Code  Gb  connectivity.o [1]
conn_SetReadPacketDataStatus
                         0x800'5cc5    0x6  Code  Gb  connectivity.o [1]
conn_SetSendPacketStatus
                         0x800'5ce1   0x86  Code  Gb  connectivity.o [1]
countBattLow            0x2000'14b4    0x2  Data  Lc  state.o [1]
currentBattState        0x2000'008f    0x1  Data  Lc  state.o [1]
dc_dc_ld_GetFlag         0x800'58f7   0x10  Code  Gb  dc_dc_ld.o [1]
dc_dc_ld_GetOutVoltage   0x800'58db    0x6  Code  Gb  dc_dc_ld.o [1]
dc_dc_ld_ResetFlag       0x800'58eb    0xc  Code  Gb  dc_dc_ld.o [1]
dc_dc_ld_SetFlag         0x800'58e1    0xa  Code  Gb  dc_dc_ld.o [1]
dc_dc_ld_UpdateOutVoltage
                         0x800'5899   0x42  Code  Gb  dc_dc_ld.o [1]
exit                     0x800'702f    0x4  Code  Gb  exit.o [2]
hadc1                   0x2000'1190   0x54  Data  Gb  system.o [1]
hadc1Pr                 0x2000'11e4   0x54  Data  Gb  system.o [1]
hdma_adc1               0x2000'1364   0x38  Data  Gb  system.o [1]
hhrtim1                 0x2000'1044   0xdc  Data  Gb  system.o [1]
htm16                   0x2000'1274   0x3c  Data  Gb  system.o [1]
led_GetFlag              0x800'5dcf   0x10  Code  Gb  led.o [1]
led_GetThreshI           0x800'5dad    0x6  Code  Gb  led.o [1]
led_Over_Volt_Monitor   0x2000'1400    0x4  Data  Gb  dc_dc_ld.o [1]
led_ResetFlag            0x800'5dc3    0xc  Code  Gb  led.o [1]
led_SetFlag              0x800'5db9    0xa  Code  Gb  led.o [1]
led_SetThreshI           0x800'5db3    0x6  Code  Gb  led.o [1]
main                     0x800'6e71   0x78  Code  Gb  main.o [1]
mppt_Reinit              0x800'6db9    0x8  Code  Gb  mppt.o [1]
mppt_Routine             0x800'6c21  0x198  Code  Gb  mppt.o [1]
panel_GetFlag            0x800'5875   0x10  Code  Gb  panel.o [1]
panel_GetMinVoltage      0x800'584d    0x6  Code  Gb  panel.o [1]
panel_GetMpptVoltage     0x800'5859    0x6  Code  Gb  panel.o [1]
panel_GetVoltage         0x800'5853    0x6  Code  Gb  panel.o [1]
panel_ResetFlag          0x800'5869    0xc  Code  Gb  panel.o [1]
panel_SetFlag            0x800'585f    0xa  Code  Gb  panel.o [1]
panel_UpdateVoltage      0x800'5845    0x8  Code  Gb  panel.o [1]
state_BattChg_SCC        0x800'634b  0x15e  Code  Lc  state.o [1]
state_BattChg_SCC::pwmDuty
                        0x2000'14b6    0x2  Data  Lc  state.o [1]
state_Conn_On            0x800'64cd  0x560  Code  Lc  state.o [1]
state_Critical_Led       0x800'62df   0x32  Code  Lc  state.o [1]
state_Critical_SCC       0x800'64a9   0x14  Code  Lc  state.o [1]
state_FacSetting_Led     0x800'60b3    0x2  Code  Lc  state.o [1]
state_FacSetting_SCC     0x800'6311    0xa  Code  Lc  state.o [1]
state_Off_Led            0x800'60b5   0x34  Code  Lc  state.o [1]
state_Off_SCC            0x800'631b    0xe  Code  Lc  state.o [1]
state_On_Led             0x800'615b  0x184  Code  Lc  state.o [1]
state_On_Led::changeDim
                        0x2000'14c7    0x1  Data  Lc  state.o [1]
state_On_Led::changeDimTick
                        0x2000'1410    0x4  Data  Lc  state.o [1]
state_On_Led::currLedDimFlag
                        0x2000'14c6    0x1  Data  Lc  state.o [1]
state_On_Led::prevLedDimFlag
                        0x2000'14c5    0x1  Data  Lc  state.o [1]
state_StartUp_Conn       0x800'64bd   0x10  Code  Lc  state.o [1]
state_StartUp_Led        0x800'60e9   0x72  Code  Lc  state.o [1]
state_StartUp_SCC        0x800'6329   0x22  Code  Lc  state.o [1]
system_ADC1_Init         0x800'227b  0x10c  Code  Lc  system.o [1]
system_AcDcLdDisable     0x800'2da5    0xc  Code  Gb  system.o [1]
system_AcDcLdOutDisable
                         0x800'2db1    0xa  Code  Gb  system.o [1]
system_AcDcSetDim        0x800'2dc5   0x20  Code  Gb  system.o [1]
system_AcDcSetDim::timCrrTemp
                        0x2000'148c    0x4  Data  Lc  system.o [1]
system_CalcBattCurrK     0x800'2af5    0xc  Code  Gb  system.o [1]
system_CalcBattDischgCurrent
                         0x800'2b01   0x60  Code  Gb  system.o [1]
system_CheckPanelReverse
                         0x800'29d5  0x120  Code  Gb  system.o [1]
system_CheckPanelReverse::noOfReversePanelChSamples
                        0x2000'0090    0x1  Data  Lc  system.o [1]
system_CheckPanelReverse::reversePanelChVal
                        0x2000'1488    0x4  Data  Lc  system.o [1]
system_DMA_Init          0x800'2387   0x24  Code  Lc  system.o [1]
system_DcDcLdEnable      0x800'2cb9   0x56  Code  Gb  system.o [1]
system_DcDcLdOutDisable
                         0x800'2d15   0x3c  Code  Gb  system.o [1]
system_DcDcLdOutEnable   0x800'2d51   0x22  Code  Gb  system.o [1]
system_DcDcLdSet         0x800'2c3d   0x7c  Code  Gb  system.o [1]
system_DcDcLdSetDuty     0x800'2d95   0x10  Code  Gb  system.o [1]
system_DcDcStartRegulate
                         0x800'2d73   0x1e  Code  Gb  system.o [1]
system_DisableCharging   0x800'2b8b    0xe  Code  Gb  system.o [1]
system_EnableCharging    0x800'2b99    0xe  Code  Gb  system.o [1]
system_GPIO_Init         0x800'2155  0x126  Code  Lc  system.o [1]
system_GetBattTick_10    0x800'2e91    0x6  Code  Gb  system.o [1]
system_GetBattTick_1000s
                         0x800'2e9d    0x6  Code  Gb  system.o [1]
system_GetIgnoreLedCurrent
                         0x800'2c27    0x8  Code  Gb  system.o [1]
system_GetSccPwm         0x800'2ba7   0x10  Code  Gb  system.o [1]
system_GetServerLightCommand
                         0x800'2de5    0x8  Code  Gb  system.o [1]
system_GetServerLightDimCommand
                         0x800'2df5    0x8  Code  Gb  system.o [1]
system_GetTemperature    0x800'2c1d    0xa  Code  Gb  system.o [1]
system_GetUartWaitTick   0x800'2e05    0x8  Code  Gb  system.o [1]
system_HRTIM1_Init       0x800'23ab  0x190  Code  Lc  system.o [1]
system_Init              0x800'20a5   0x44  Code  Gb  system.o [1]
system_Monitor           0x800'27ef   0x9c  Code  Gb  system.o [1]
system_PanelDisable      0x800'2b61   0x10  Code  Gb  system.o [1]
system_PanelEnable       0x800'2b71   0x1a  Code  Gb  system.o [1]
system_ResetConn         0x800'2e3d   0x44  Code  Gb  system.o [1]
system_ResetModuleConn   0x800'2e81   0x10  Code  Gb  system.o [1]
system_ResetUartTick     0x800'2e11    0xa  Code  Gb  system.o [1]
system_SetBattTick_10    0x800'2e97    0x6  Code  Gb  system.o [1]
system_SetBattTick_1000s
                         0x800'2ea3    0x6  Code  Gb  system.o [1]
system_SetIgnoreLedCurrent
                         0x800'2c2f    0x8  Code  Gb  system.o [1]
system_SetSccPwm         0x800'2bb7   0x66  Code  Gb  system.o [1]
system_SetServerLightCommand
                         0x800'2ded    0x8  Code  Gb  system.o [1]
system_SetServerLightDimCommand
                         0x800'2dfd    0x8  Code  Gb  system.o [1]
system_TIM15_Init        0x800'2651   0x82  Code  Lc  system.o [1]
system_TIM17_Init        0x800'2629   0x28  Code  Lc  system.o [1]
system_TIM2_Init         0x800'253b   0x68  Code  Lc  system.o [1]
system_TIM3_Init         0x800'25a3   0x86  Code  Lc  system.o [1]
system_TempSensorInit    0x800'26d5   0xa2  Code  Lc  system.o [1]
system_TransmitUartData
                         0x800'2e1b   0x18  Code  Gb  system.o [1]
system_USART3_UART_Init
                         0x800'2777   0x46  Code  Lc  system.o [1]
system_UpdateSysParams   0x800'288b  0x144  Code  Gb  system.o [1]
system_UpdateSysParams::battChgCurr
                        0x2000'1468    0x4  Data  Lc  system.o [1]
system_UpdateSysParams::battVolt
                        0x2000'1460    0x4  Data  Lc  system.o [1]
system_UpdateSysParams::countBattChgCurr
                        0x2000'146c    0x4  Data  Lc  system.o [1]
system_UpdateSysParams::countBattVolt
                        0x2000'1464    0x4  Data  Lc  system.o [1]
system_UpdateSysParams::countLdOutVolt
                        0x2000'147c    0x4  Data  Lc  system.o [1]
system_UpdateSysParams::countPanelVolt
                        0x2000'1474    0x4  Data  Lc  system.o [1]
system_UpdateSysParams::countTempSensor
                        0x2000'1484    0x4  Data  Lc  system.o [1]
system_UpdateSysParams::ldOutVolt
                        0x2000'1478    0x4  Data  Lc  system.o [1]
system_UpdateSysParams::panelVolt
                        0x2000'1470    0x4  Data  Lc  system.o [1]
system_UpdateSysParams::tempSensor
                        0x2000'1480    0x4  Data  Lc  system.o [1]
system_WWDG_Init         0x800'27bd   0x32  Code  Lc  system.o [1]
uwTick                  0x2000'1414    0x4  Data  Lc  stm32f3xx_hal.o [1]


[1] = C:\Users\Venky Rapaka\Pictures\3slnode-stmicro\LT.LED0038.16_FW\EWARM\HRTIM_test_master\Obj
[2] = dl7M_tln.a
[3] = m7M_tls.a
[4] = rt7M_tl.a
[5] = shb_l.a

  28'806 bytes of readonly  code memory
     234 bytes of readonly  data memory
   7'377 bytes of readwrite data memory

Errors: none
Warnings: none
