###############################################################################
#
# IAR ELF Linker V8.20.1.14183/W32 for ARM                05/Nov/2019  18:04:19
# Copyright 2007-2017 IAR Systems AB.
#
#    Output file  =  
#        E:\60W Node Latest Commit for
#        Ref\3slnode-stmicro\LT.LED0038.16_FW\EWARM\HRTIM_test_master\Exe\HRTIM_test_master.out
#    Map file     =  
#        E:\60W Node Latest Commit for
#        Ref\3slnode-stmicro\LT.LED0038.16_FW\EWARM\HRTIM_test_master\List\HRTIM_test_master.map
#    Command line =  
#        -f C:\Users\r1219\AppData\Local\Temp\EWFB07.tmp ("E:\60W Node Latest
#        Commit for
#        Ref\3slnode-stmicro\LT.LED0038.16_FW\EWARM\HRTIM_test_master\Obj\ac_dc_ld.o"
#        "E:\60W Node Latest Commit for
#        Ref\3slnode-stmicro\LT.LED0038.16_FW\EWARM\HRTIM_test_master\Obj\battery.o"
#        "E:\60W Node Latest Commit for
#        Ref\3slnode-stmicro\LT.LED0038.16_FW\EWARM\HRTIM_test_master\Obj\buzzer.o"
#        "E:\60W Node Latest Commit for
#        Ref\3slnode-stmicro\LT.LED0038.16_FW\EWARM\HRTIM_test_master\Obj\connectivity.o"
#        "E:\60W Node Latest Commit for
#        Ref\3slnode-stmicro\LT.LED0038.16_FW\EWARM\HRTIM_test_master\Obj\dc_dc_ld.o"
#        "E:\60W Node Latest Commit for
#        Ref\3slnode-stmicro\LT.LED0038.16_FW\EWARM\HRTIM_test_master\Obj\led.o"
#        "E:\60W Node Latest Commit for
#        Ref\3slnode-stmicro\LT.LED0038.16_FW\EWARM\HRTIM_test_master\Obj\main.o"
#        "E:\60W Node Latest Commit for
#        Ref\3slnode-stmicro\LT.LED0038.16_FW\EWARM\HRTIM_test_master\Obj\mppt.o"
#        "E:\60W Node Latest Commit for
#        Ref\3slnode-stmicro\LT.LED0038.16_FW\EWARM\HRTIM_test_master\Obj\panel.o"
#        "E:\60W Node Latest Commit for
#        Ref\3slnode-stmicro\LT.LED0038.16_FW\EWARM\HRTIM_test_master\Obj\startup_stm32f334x8.o"
#        "E:\60W Node Latest Commit for
#        Ref\3slnode-stmicro\LT.LED0038.16_FW\EWARM\HRTIM_test_master\Obj\state.o"
#        "E:\60W Node Latest Commit for
#        Ref\3slnode-stmicro\LT.LED0038.16_FW\EWARM\HRTIM_test_master\Obj\stm32f3xx_hal.o"
#        "E:\60W Node Latest Commit for
#        Ref\3slnode-stmicro\LT.LED0038.16_FW\EWARM\HRTIM_test_master\Obj\stm32f3xx_hal_adc.o"
#        "E:\60W Node Latest Commit for
#        Ref\3slnode-stmicro\LT.LED0038.16_FW\EWARM\HRTIM_test_master\Obj\stm32f3xx_hal_adc_ex.o"
#        "E:\60W Node Latest Commit for
#        Ref\3slnode-stmicro\LT.LED0038.16_FW\EWARM\HRTIM_test_master\Obj\stm32f3xx_hal_cortex.o"
#        "E:\60W Node Latest Commit for
#        Ref\3slnode-stmicro\LT.LED0038.16_FW\EWARM\HRTIM_test_master\Obj\stm32f3xx_hal_dma.o"
#        "E:\60W Node Latest Commit for
#        Ref\3slnode-stmicro\LT.LED0038.16_FW\EWARM\HRTIM_test_master\Obj\stm32f3xx_hal_flash.o"
#        "E:\60W Node Latest Commit for
#        Ref\3slnode-stmicro\LT.LED0038.16_FW\EWARM\HRTIM_test_master\Obj\stm32f3xx_hal_flash_ex.o"
#        "E:\60W Node Latest Commit for
#        Ref\3slnode-stmicro\LT.LED0038.16_FW\EWARM\HRTIM_test_master\Obj\stm32f3xx_hal_gpio.o"
#        "E:\60W Node Latest Commit for
#        Ref\3slnode-stmicro\LT.LED0038.16_FW\EWARM\HRTIM_test_master\Obj\stm32f3xx_hal_hrtim.o"
#        "E:\60W Node Latest Commit for
#        Ref\3slnode-stmicro\LT.LED0038.16_FW\EWARM\HRTIM_test_master\Obj\stm32f3xx_hal_msp.o"
#        "E:\60W Node Latest Commit for
#        Ref\3slnode-stmicro\LT.LED0038.16_FW\EWARM\HRTIM_test_master\Obj\stm32f3xx_hal_pwr.o"
#        "E:\60W Node Latest Commit for
#        Ref\3slnode-stmicro\LT.LED0038.16_FW\EWARM\HRTIM_test_master\Obj\stm32f3xx_hal_pwr_ex.o"
#        "E:\60W Node Latest Commit for
#        Ref\3slnode-stmicro\LT.LED0038.16_FW\EWARM\HRTIM_test_master\Obj\stm32f3xx_hal_rcc.o"
#        "E:\60W Node Latest Commit for
#        Ref\3slnode-stmicro\LT.LED0038.16_FW\EWARM\HRTIM_test_master\Obj\stm32f3xx_hal_rcc_ex.o"
#        "E:\60W Node Latest Commit for
#        Ref\3slnode-stmicro\LT.LED0038.16_FW\EWARM\HRTIM_test_master\Obj\stm32f3xx_hal_rtc.o"
#        "E:\60W Node Latest Commit for
#        Ref\3slnode-stmicro\LT.LED0038.16_FW\EWARM\HRTIM_test_master\Obj\stm32f3xx_hal_rtc_ex.o"
#        "E:\60W Node Latest Commit for
#        Ref\3slnode-stmicro\LT.LED0038.16_FW\EWARM\HRTIM_test_master\Obj\stm32f3xx_hal_tim.o"
#        "E:\60W Node Latest Commit for
#        Ref\3slnode-stmicro\LT.LED0038.16_FW\EWARM\HRTIM_test_master\Obj\stm32f3xx_hal_tim_ex.o"
#        "E:\60W Node Latest Commit for
#        Ref\3slnode-stmicro\LT.LED0038.16_FW\EWARM\HRTIM_test_master\Obj\stm32f3xx_hal_uart.o"
#        "E:\60W Node Latest Commit for
#        Ref\3slnode-stmicro\LT.LED0038.16_FW\EWARM\HRTIM_test_master\Obj\stm32f3xx_hal_uart_ex.o"
#        "E:\60W Node Latest Commit for
#        Ref\3slnode-stmicro\LT.LED0038.16_FW\EWARM\HRTIM_test_master\Obj\stm32f3xx_hal_wwdg.o"
#        "E:\60W Node Latest Commit for
#        Ref\3slnode-stmicro\LT.LED0038.16_FW\EWARM\HRTIM_test_master\Obj\stm32f3xx_it.o"
#        "E:\60W Node Latest Commit for
#        Ref\3slnode-stmicro\LT.LED0038.16_FW\EWARM\HRTIM_test_master\Obj\system.o"
#        "E:\60W Node Latest Commit for
#        Ref\3slnode-stmicro\LT.LED0038.16_FW\EWARM\HRTIM_test_master\Obj\system_stm32f3xx.o"
#        --redirect _Printf=_PrintfFull --redirect _Scanf=_ScanfFull -o "E:\60W
#        Node Latest Commit for
#        Ref\3slnode-stmicro\LT.LED0038.16_FW\EWARM\HRTIM_test_master\Exe\HRTIM_test_master.out"
#        --map "E:\60W Node Latest Commit for
#        Ref\3slnode-stmicro\LT.LED0038.16_FW\EWARM\HRTIM_test_master\List\HRTIM_test_master.map"
#        --config "E:\60W Node Latest Commit for
#        Ref\3slnode-stmicro\LT.LED0038.16_FW\EWARM/stm32f334x8_flash.icf"
#        --semihosting --entry __iar_program_start --vfe --text_out locale)
#
###############################################################################

*******************************************************************************
*** RUNTIME MODEL ATTRIBUTES
***

CppFlavor       = *
__SystemLibrary = DLib
__dlib_version  = 6


*******************************************************************************
*** HEAP SELECTION
***

The basic heap was selected because no calls to memory allocation
functions were found in the application outside of system library
functions, and there are calls to deallocation functions in the
application.


*******************************************************************************
*** PLACEMENT SUMMARY
***

"A0":  place at 0x08000000 { ro section .intvec };
"P1":  place in [from 0x08000000 to 0x0800ffff] { ro };
define block CSTACK with size = 512, alignment = 8 { };
define block HEAP with size = 1K, alignment = 8 { };
"P2":  place in [from 0x20000000 to 0x20002fff] {
          rw, block CSTACK, block HEAP };
initialize by copy { rw };

  Section            Kind        Address    Size  Object
  -------            ----        -------    ----  ------
"A0":                                      0x188
  .intvec            ro code  0x08000000   0x188  startup_stm32f334x8.o [1]
                            - 0x08000188   0x188

"P1":                                     0x5cfd
  .text              ro code  0x08000188  0x1024  stm32f3xx_hal_adc_ex.o [1]
  .text              ro code  0x080011ac   0x398  stm32f3xx_hal_msp.o [1]
  .text              ro code  0x08001544   0x204  stm32f3xx_hal_dma.o [1]
  .text              ro code  0x08001748     0xc  stm32f3xx_hal.o [1]
  .text              ro code  0x08001754     0x2  stm32f3xx_hal_adc.o [1]
  .text              ro code  0x08001756     0x2  stm32f3xx_hal_adc.o [1]
  .text              ro code  0x08001758     0x2  stm32f3xx_hal_adc.o [1]
  .text              ro code  0x0800175c    0xf4  stm32f3xx_hal_cortex.o [1]
  .text              ro code  0x08001850   0x2d4  stm32f3xx_hal_gpio.o [1]
  .text              ro code  0x08001b24   0xf1c  system.o [1]
  .text              ro code  0x08002a40    0x86  stm32f3xx_it.o [1]
  .text              ro code  0x08002ac8   0x658  stm32f3xx_hal_rcc.o [1]
  .text              ro code  0x08003120   0x134  stm32f3xx_hal_rcc_ex.o [1]
  .text              ro code  0x08003254   0x564  stm32f3xx_hal_tim.o [1]
  .text              ro code  0x080037b8   0x278  stm32f3xx_hal_tim_ex.o [1]
  .text              ro code  0x08003a30    0x96  stm32f3xx_hal_wwdg.o [1]
  .text              ro code  0x08003ac8    0x1c  stm32f3xx_hal.o [1]
  .text              ro code  0x08003ae4   0x724  stm32f3xx_hal_hrtim.o [1]
  .text              ro code  0x08004208   0x38c  stm32f3xx_hal_uart.o [1]
  .text              ro code  0x08004594    0xec  battery.o [1]
  .text              ro code  0x08004680    0x54  panel.o [1]
  .text              ro code  0x080046d4    0x4c  dc_dc_ld.o [1]
  .text              ro code  0x08004720    0x1a  U32ToDbl.o [4]
  .text              ro code  0x0800473c   0x1a2  DblMul.o [4]
  .text              ro code  0x080048e0    0x3a  DblToS32.o [4]
  .text              ro code  0x0800491c   0x314  connectivity.o [1]
  .text              ro code  0x08004c30    0x3c  led.o [1]
  .text              ro code  0x08004c6c    0x10  stm32f3xx_hal.o [1]
  .text              ro code  0x08004c7c    0x28  stm32f3xx_hal.o [1]
  .text              ro code  0x08004ca4     0x2  stm32f3xx_hal_uart.o [1]
  .text              ro code  0x08004ca8    0x22  S32ToDbl.o [4]
  .text              ro code  0x08004ccc   0x178  DblAdd.o [4]
  .text              ro code  0x08004e44    0xd2  DblSub.o [4]
  .text              ro code  0x08004f18   0xa44  state.o [1]
  .text              ro code  0x0800595c    0x2c  ac_dc_ld.o [1]
  .text              ro code  0x08005988   0x12c  mppt.o [1]
  .text              ro code  0x08005ab4    0x70  system_stm32f3xx.o [1]
  .text              ro code  0x08005b24    0x58  main.o [1]
  .text              ro code  0x08005b7c    0x28  stm32f3xx_hal.o [1]
  .text              ro code  0x08005ba4    0x40  zero_init3.o [5]
  .text              ro code  0x08005be4    0x38  packbits_init_single.o [5]
  .text              ro code  0x08005c1c    0x28  data_init.o [5]
  .text              ro code  0x08005c44    0x22  fpinit_M.o [4]
  .iar.init_table    const    0x08005c68    0x20  - Linker created -
  .text              ro code  0x08005c88    0x1e  cmain.o [5]
  .text              ro code  0x08005ca6     0x4  low_level_init.o [3]
  .text              ro code  0x08005caa     0x4  exit.o [3]
  .text              ro code  0x08005cb0     0xa  cexit.o [5]
  .text              ro code  0x08005cbc    0x14  exit.o [6]
  .text              ro code  0x08005cd0    0x10  startup_stm32f334x8.o [1]
  .text              ro code  0x08005ce0     0xc  cstartup_M.o [5]
  .text              ro code  0x08005cec     0x4  startup_stm32f334x8.o [1]
  .text              ro code  0x08005cf0     0x4  startup_stm32f334x8.o [1]
  .text              ro code  0x08005cf4     0x4  startup_stm32f334x8.o [1]
  .text              ro code  0x08005cf8     0x4  startup_stm32f334x8.o [1]
  .text              ro code  0x08005cfc     0x4  startup_stm32f334x8.o [1]
  .text              ro code  0x08005d00     0x4  startup_stm32f334x8.o [1]
  .text              ro code  0x08005d04     0x4  startup_stm32f334x8.o [1]
  .text              ro code  0x08005d08     0x4  startup_stm32f334x8.o [1]
  .text              ro code  0x08005d0c     0x4  startup_stm32f334x8.o [1]
  .text              ro code  0x08005d10     0x4  startup_stm32f334x8.o [1]
  .text              ro code  0x08005d14     0x4  startup_stm32f334x8.o [1]
  .text              ro code  0x08005d18     0x4  startup_stm32f334x8.o [1]
  .text              ro code  0x08005d1c     0x4  startup_stm32f334x8.o [1]
  .text              ro code  0x08005d20     0x4  startup_stm32f334x8.o [1]
  .text              ro code  0x08005d24     0x4  startup_stm32f334x8.o [1]
  .text              ro code  0x08005d28     0x4  startup_stm32f334x8.o [1]
  .text              ro code  0x08005d2c     0x4  startup_stm32f334x8.o [1]
  .text              ro code  0x08005d30     0x4  startup_stm32f334x8.o [1]
  .text              ro code  0x08005d34     0x4  startup_stm32f334x8.o [1]
  .text              ro code  0x08005d38     0x4  startup_stm32f334x8.o [1]
  .text              ro code  0x08005d3c     0x4  startup_stm32f334x8.o [1]
  .text              ro code  0x08005d40     0x4  startup_stm32f334x8.o [1]
  .text              ro code  0x08005d44     0x4  startup_stm32f334x8.o [1]
  .text              ro code  0x08005d48     0x4  startup_stm32f334x8.o [1]
  .text              ro code  0x08005d4c     0x4  startup_stm32f334x8.o [1]
  .text              ro code  0x08005d50     0x4  startup_stm32f334x8.o [1]
  .text              ro code  0x08005d54     0x4  startup_stm32f334x8.o [1]
  .text              ro code  0x08005d58     0x4  startup_stm32f334x8.o [1]
  .text              ro code  0x08005d5c     0x4  startup_stm32f334x8.o [1]
  .text              ro code  0x08005d60     0x4  startup_stm32f334x8.o [1]
  .text              ro code  0x08005d64     0x4  startup_stm32f334x8.o [1]
  .text              ro code  0x08005d68     0x4  startup_stm32f334x8.o [1]
  .text              ro code  0x08005d6c     0x4  startup_stm32f334x8.o [1]
  .text              ro code  0x08005d70     0x4  startup_stm32f334x8.o [1]
  .text              ro code  0x08005d74     0x4  startup_stm32f334x8.o [1]
  .text              ro code  0x08005d78     0x4  startup_stm32f334x8.o [1]
  .text              ro code  0x08005d7c     0x4  startup_stm32f334x8.o [1]
  .text              ro code  0x08005d80     0x4  startup_stm32f334x8.o [1]
  .text              ro code  0x08005d84     0x4  startup_stm32f334x8.o [1]
  .text              ro code  0x08005d88     0x4  startup_stm32f334x8.o [1]
  .text              ro code  0x08005d8c     0x4  startup_stm32f334x8.o [1]
  .text              ro code  0x08005d90     0x4  startup_stm32f334x8.o [1]
  .text              ro code  0x08005d94     0x4  startup_stm32f334x8.o [1]
  .text              ro code  0x08005d98     0x4  startup_stm32f334x8.o [1]
  .text              ro code  0x08005d9c     0x4  startup_stm32f334x8.o [1]
  .text              ro code  0x08005da0     0x4  startup_stm32f334x8.o [1]
  .text              ro code  0x08005da4     0x4  startup_stm32f334x8.o [1]
  .text              ro code  0x08005da8     0x4  startup_stm32f334x8.o [1]
  .text              ro code  0x08005dac     0x4  startup_stm32f334x8.o [1]
  .text              ro code  0x08005db0     0x4  startup_stm32f334x8.o [1]
  .text              ro code  0x08005db4     0x4  startup_stm32f334x8.o [1]
  .text              ro code  0x08005db8     0x4  startup_stm32f334x8.o [1]
  .rodata            const    0x08005dbc     0x0  zero_init3.o [5]
  .rodata            const    0x08005dbc     0x0  packbits_init_single.o [5]
  Initializer bytes  const    0x08005dbc    0xc9  <for P2-1>
                            - 0x08005e85  0x5cfd

"P2", part 1 of 3:                         0xc14
  P2-1                        0x20000000   0xc14  <Init block>
    .data            inited   0x20000000     0x4  led.o [1]
    .data            inited   0x20000004   0x7e0  mppt.o [1]
    .data            inited   0x200007e4    0x64  state.o [1]
    .data            inited   0x20000848   0x328  system.o [1]
    .data            inited   0x20000b70    0x84  system.o [1]
    .data            inited   0x20000bf4     0x4  system.o [1]
    .data            inited   0x20000bf8     0x4  system_stm32f3xx.o [1]
    .data            inited   0x20000bfc     0x2  battery.o [1]
    .data            inited   0x20000bfe     0x2  battery.o [1]
    .data            inited   0x20000c00     0xa  battery.o [1]
    .data            inited   0x20000c0a     0x2  battery.o [1]
    .data            inited   0x20000c0c     0x2  battery.o [1]
    .data            inited   0x20000c0e     0x2  panel.o [1]
    .data            inited   0x20000c10     0x2  panel.o [1]
    .data            inited   0x20000c12     0x1  battery.o [1]
    .data            inited   0x20000c13     0x1  panel.o [1]
                            - 0x20000c14   0xc14

"P2", part 2 of 3:                         0x8ac
  .bss               zero     0x20000c14   0x80c  connectivity.o [1]
  .bss               zero     0x20001420    0x90  system.o [1]
  .bss               zero     0x200014b0     0x4  dc_dc_ld.o [1]
  .bss               zero     0x200014b4     0x4  stm32f3xx_hal.o [1]
  .bss               zero     0x200014b8     0x2  battery.o [1]
  .bss               zero     0x200014ba     0x2  panel.o [1]
  .bss               zero     0x200014bc     0x1  ac_dc_ld.o [1]
  .bss               zero     0x200014bd     0x1  led.o [1]
  .bss               zero     0x200014be     0x1  system.o [1]
  .bss               zero     0x200014bf     0x1  system.o [1]
                            - 0x200014c0   0x8ac

"P2", part 3 of 3:                         0x200
  CSTACK                      0x200014c0   0x200  <Block>
    CSTACK           uninit   0x200014c0   0x200  <Block tail>
                            - 0x200016c0   0x200


*******************************************************************************
*** INIT TABLE
***

          Address     Size
          -------     ----
Zero (__iar_zero_init3)
    1 destination range, total size 0x8ac:
          0x20000c14  0x8ac

Copy/packbits (__iar_packbits_init_single3)
    1 source range, total size 0xc9 (6% of destination):
          0x08005dbc   0xc9
    1 destination range, total size 0xc14:
          0x20000000  0xc14



*******************************************************************************
*** MODULE SUMMARY
***

    Module                  ro code  ro data  rw data
    ------                  -------  -------  -------
E:\60W Node Latest Commit for Ref\3slnode-stmicro\LT.LED0038.16_FW\EWARM\HRTIM_test_master\Obj: [1]
    ac_dc_ld.o                   44                 1
    battery.o                   236        1       21
    connectivity.o              788             2 060
    dc_dc_ld.o                   76                 4
    led.o                        60                 5
    main.o                       88
    mppt.o                      300      131    2 016
    panel.o                      84        1        7
    startup_stm32f334x8.o       616
    state.o                   2 628        6      100
    stm32f3xx_hal.o             136                 4
    stm32f3xx_hal_adc.o           6
    stm32f3xx_hal_adc_ex.o    4 132
    stm32f3xx_hal_cortex.o      244
    stm32f3xx_hal_dma.o         516
    stm32f3xx_hal_gpio.o        724
    stm32f3xx_hal_hrtim.o     1 828
    stm32f3xx_hal_msp.o         920
    stm32f3xx_hal_rcc.o       1 624
    stm32f3xx_hal_rcc_ex.o      308
    stm32f3xx_hal_tim.o       1 380
    stm32f3xx_hal_tim_ex.o      632
    stm32f3xx_hal_uart.o        910
    stm32f3xx_hal_wwdg.o        150
    stm32f3xx_it.o              134
    system.o                  3 868       62    1 090
    system_stm32f3xx.o          112                 4
    -------------------------------------------------
    Total:                   22 544      201    5 312

command line: [2]
    -------------------------------------------------
    Total:

dl7M_tlf.a: [3]
    exit.o                        4
    low_level_init.o              4
    -------------------------------------------------
    Total:                        8

m7M_tls.a: [4]
    DblAdd.o                    376
    DblMul.o                    418
    DblSub.o                    210
    DblToS32.o                   58
    S32ToDbl.o                   34
    U32ToDbl.o                   26
    fpinit_M.o                   34
    -------------------------------------------------
    Total:                    1 156

rt7M_tl.a: [5]
    cexit.o                      10
    cmain.o                      30
    cstartup_M.o                 12
    data_init.o                  40
    packbits_init_single.o       56
    zero_init3.o                 64
    -------------------------------------------------
    Total:                      212

shb_l.a: [6]
    exit.o                       20
    -------------------------------------------------
    Total:                       20

    Gaps                         22        2
    Linker created                        32      512
-----------------------------------------------------
    Grand Total:             23 962      235    5 824


*******************************************************************************
*** ENTRY LIST
***

Entry                      Address   Size  Type      Object
-----                      -------   ----  ----      ------
.iar.init_table$$Base   0x08005c68          --   Gb  - Linker created -
.iar.init_table$$Limit  0x08005c88          --   Gb  - Linker created -
?main                   0x08005c89         Code  Gb  cmain.o [5]
ADC1_2_IRQHandler       0x08002a55   0x1a  Code  Gb  stm32f3xx_it.o [1]
ADC_ConversionStop      0x080010e7   0xb0  Code  Lc  stm32f3xx_hal_adc_ex.o [1]
ADC_DMAConvCplt         0x08000fc7   0x44  Code  Lc  stm32f3xx_hal_adc_ex.o [1]
ADC_DMAError            0x08001011   0x16  Code  Lc  stm32f3xx_hal_adc_ex.o [1]
ADC_DMAHalfConvCplt     0x0800100b    0x6  Code  Lc  stm32f3xx_hal_adc_ex.o [1]
ADC_Disable             0x08001083   0x64  Code  Lc  stm32f3xx_hal_adc_ex.o [1]
ADC_Enable              0x08001027   0x5c  Code  Lc  stm32f3xx_hal_adc_ex.o [1]
AcDcCcrPeriod           0x20000b18    0x4  Data  Gb  system.o [1]
AdcRegV                 0x200008d8   0x18  Data  Gb  system.o [1]
BattChargingCurrent     0x200014b8    0x2  Data  Gb  battery.o [1]
BattCurrK               0x20000b40    0x4  Data  Gb  system.o [1]
BattDischgCurrent       0x20000ae4    0x1  Data  Gb  system.o [1]
BattFltCurrent          0x20000c0a    0x2  Data  Gb  battery.o [1]
BattFltVoltage          0x20000c00    0x2  Data  Gb  battery.o [1]
BattFltVoltage_TC       0x20000c02    0x2  Data  Gb  battery.o [1]
BattMaxChargingCurrent  0x20000c0c    0x2  Data  Gb  battery.o [1]
BattMaxVoltage          0x20000c04    0x2  Data  Gb  battery.o [1]
BattMaxVoltage_TC       0x20000c06    0x2  Data  Gb  battery.o [1]
BattMinDischrgVoltage   0x20000bfe    0x2  Data  Gb  battery.o [1]
BattMinVoltage          0x20000bfc    0x2  Data  Gb  battery.o [1]
BattVoltage             0x20000c08    0x2  Data  Gb  battery.o [1]
Batt_Tick_10            0x20000be0    0x1  Data  Gb  system.o [1]
Batt_Tick_1000s         0x20000be1    0x1  Data  Gb  system.o [1]
CSTACK$$Base            0x200014c0          --   Gb  - Linker created -
CSTACK$$Limit           0x200016c0          --   Gb  - Linker created -
CurrentState_Conn       0x200007ea    0x1  Data  Gb  state.o [1]
CurrentState_LED        0x200007e8    0x1  Data  Gb  state.o [1]
CurrentState_SCC        0x200007e9    0x1  Data  Gb  state.o [1]
DIMM_FOUR               0x2000083c    0x4  Data  Gb  state.o [1]
DIMM_ONE                0x20000830    0x4  Data  Gb  state.o [1]
DIMM_THREE              0x20000838    0x4  Data  Gb  state.o [1]
DIMM_TWO                0x20000834    0x4  Data  Gb  state.o [1]
DMA1_Channel1_IRQHandler
                        0x08002a53    0x2  Code  Gb  stm32f3xx_it.o [1]
DcDcBoostPeriod         0x20000b04    0x4  Data  Gb  system.o [1]
DcDcLdDutyChange        0x20000b08    0x4  Data  Gb  system.o [1]
DcDcLdDutyPeriod        0x20000b0c    0x4  Data  Gb  system.o [1]
DcDcLdMaxDutyPeriod     0x20000b10    0x4  Data  Gb  system.o [1]
DcDcLdMinDutyPeriod     0x20000b14    0x4  Data  Gb  system.o [1]
DcDcLdOutVoltage        0x200014b2    0x2  Data  Gb  dc_dc_ld.o [1]
EXTI15_10_IRQHandler    0x08002ab1    0x8  Code  Gb  stm32f3xx_it.o [1]
Flag_ReadPacketData     0x20001408    0x1  Data  Gb  connectivity.o [1]
Flag_SendPacketData     0x20001409    0x1  Data  Gb  connectivity.o [1]
HAL_ADCEx_Calibration_Start
                        0x0800072d   0x98  Code  Gb  stm32f3xx_hal_adc_ex.o [1]
HAL_ADCEx_InjectedConfigChannel
                        0x08000c19  0x3ae  Code  Gb  stm32f3xx_hal_adc_ex.o [1]
HAL_ADCEx_InjectedConvCpltCallback
                        0x08002841   0x9e  Code  Gb  system.o [1]
HAL_ADCEx_InjectedConvCpltCallback::countLedI
                        0x20000b6c    0x4  Data  Lc  system.o [1]
HAL_ADCEx_InjectedStart_IT
                        0x080007e5   0xe2  Code  Gb  stm32f3xx_hal_adc_ex.o [1]
HAL_ADC_ConfigChannel   0x080008e5  0x32c  Code  Gb  stm32f3xx_hal_adc_ex.o [1]
HAL_ADC_ConvCpltCallback
                        0x08001755    0x2  Code  Wk  stm32f3xx_hal_adc.o [1]
HAL_ADC_ConvHalfCpltCallback
                        0x08001757    0x2  Code  Wk  stm32f3xx_hal_adc.o [1]
HAL_ADC_DeInit          0x08000379  0x186  Code  Gb  stm32f3xx_hal_adc_ex.o [1]
HAL_ADC_ErrorCallback   0x08001759    0x2  Code  Wk  stm32f3xx_hal_adc.o [1]
HAL_ADC_Init            0x08000189  0x1f0  Code  Gb  stm32f3xx_hal_adc_ex.o [1]
HAL_ADC_MspDeInit       0x08001271   0x3a  Code  Gb  stm32f3xx_hal_msp.o [1]
HAL_ADC_MspInit         0x080011df   0x92  Code  Gb  stm32f3xx_hal_msp.o [1]
HAL_ADC_Start           0x080004ff   0xe0  Code  Gb  stm32f3xx_hal_adc_ex.o [1]
HAL_ADC_Start_DMA       0x0800061f  0x104  Code  Gb  stm32f3xx_hal_adc_ex.o [1]
HAL_ADC_Stop            0x080005df   0x40  Code  Gb  stm32f3xx_hal_adc_ex.o [1]
HAL_DMA_DeInit          0x08001591  0x13e  Code  Gb  stm32f3xx_hal_dma.o [1]
HAL_DMA_Init            0x08001545   0x4c  Code  Gb  stm32f3xx_hal_dma.o [1]
HAL_DMA_Start_IT        0x080016cf   0x5e  Code  Gb  stm32f3xx_hal_dma.o [1]
HAL_Delay               0x08003ac9   0x1c  Code  Wk  stm32f3xx_hal.o [1]
HAL_GPIO_DeInit         0x080019fd   0xec  Code  Gb  stm32f3xx_hal_gpio.o [1]
HAL_GPIO_EXTI_Callback  0x08002ab9    0xe  Code  Gb  stm32f3xx_it.o [1]
HAL_GPIO_EXTI_IRQHandler
                        0x08001af7   0x10  Code  Gb  stm32f3xx_hal_gpio.o [1]
HAL_GPIO_Init           0x08001851  0x1aa  Code  Gb  stm32f3xx_hal_gpio.o [1]
HAL_GPIO_WritePin       0x08001ae9    0xe  Code  Gb  stm32f3xx_hal_gpio.o [1]
HAL_GetTick             0x08001749    0xc  Code  Wk  stm32f3xx_hal.o [1]
HAL_HRTIM_ADCTriggerConfig
                        0x08003ce9   0x8e  Code  Gb  stm32f3xx_hal_hrtim.o [1]
HAL_HRTIM_DLLCalibrationStart
                        0x08003be1   0x46  Code  Gb  stm32f3xx_hal_hrtim.o [1]
HAL_HRTIM_Init          0x08003ae5   0xfc  Code  Gb  stm32f3xx_hal_hrtim.o [1]
HAL_HRTIM_MspInit       0x080012ab   0x22  Code  Gb  stm32f3xx_hal_msp.o [1]
HAL_HRTIM_MspPostInit   0x080012cd   0x32  Code  Gb  stm32f3xx_hal_msp.o [1]
HAL_HRTIM_PollForDLLCalibration
                        0x08003c27   0x40  Code  Gb  stm32f3xx_hal_hrtim.o [1]
HAL_HRTIM_TimeBaseConfig
                        0x08003c67   0x78  Code  Gb  stm32f3xx_hal_hrtim.o [1]
HAL_HRTIM_WaveformCompareConfig
                        0x08003e85  0x128  Code  Gb  stm32f3xx_hal_hrtim.o [1]
HAL_HRTIM_WaveformCounterStart
                        0x0800401b   0x30  Code  Gb  stm32f3xx_hal_hrtim.o [1]
HAL_HRTIM_WaveformOutputConfig
                        0x08003fad   0x3a  Code  Gb  stm32f3xx_hal_hrtim.o [1]
HAL_HRTIM_WaveformOutputStart
                        0x08003fe7   0x34  Code  Gb  stm32f3xx_hal_hrtim.o [1]
HAL_HRTIM_WaveformTimerConfig
                        0x08003d79  0x10c  Code  Gb  stm32f3xx_hal_hrtim.o [1]
HAL_IncTick             0x08004c6d   0x10  Code  Wk  stm32f3xx_hal.o [1]
HAL_Init                0x08005b7d   0x24  Code  Gb  stm32f3xx_hal.o [1]
HAL_InitTick            0x08004c7d   0x28  Code  Wk  stm32f3xx_hal.o [1]
HAL_MspInit             0x080011ad   0x32  Code  Gb  stm32f3xx_hal_msp.o [1]
HAL_NVIC_DisableIRQ     0x080017e1   0x12  Code  Gb  stm32f3xx_hal_cortex.o [1]
HAL_NVIC_EnableIRQ      0x080017cf   0x12  Code  Gb  stm32f3xx_hal_cortex.o [1]
HAL_NVIC_SetPriority    0x08001777   0x58  Code  Gb  stm32f3xx_hal_cortex.o [1]
HAL_NVIC_SetPriorityGrouping
                        0x0800175d   0x1a  Code  Gb  stm32f3xx_hal_cortex.o [1]
HAL_RCCEx_PeriphCLKConfig
                        0x08003121  0x126  Code  Gb  stm32f3xx_hal_rcc_ex.o [1]
HAL_RCC_ClockConfig     0x08002e6f  0x1ea  Code  Gb  stm32f3xx_hal_rcc.o [1]
HAL_RCC_GetHCLKFreq     0x08003093   0x22  Code  Gb  stm32f3xx_hal_rcc.o [1]
HAL_RCC_GetPCLK1Freq    0x080030b5   0x1c  Code  Gb  stm32f3xx_hal_rcc.o [1]
HAL_RCC_GetSysClockFreq
                        0x08003059   0x3a  Code  Gb  stm32f3xx_hal_rcc.o [1]
HAL_RCC_OscConfig       0x08002ac9  0x3a6  Code  Gb  stm32f3xx_hal_rcc.o [1]
HAL_SYSTICK_CLKSourceConfig
                        0x08001815   0x1a  Code  Gb  stm32f3xx_hal_cortex.o [1]
HAL_SYSTICK_Callback    0x0800299b   0x40  Code  Gb  system.o [1]
HAL_SYSTICK_Config      0x080017f3   0x22  Code  Gb  stm32f3xx_hal_cortex.o [1]
HAL_SYSTICK_IRQHandler  0x0800184d    0x4  Code  Gb  stm32f3xx_hal_cortex.o [1]
HAL_TIMEx_MasterConfigSynchronization
                        0x08003929   0x48  Code  Gb  stm32f3xx_hal_tim_ex.o [1]
HAL_TIMEx_PWMN_Start    0x080037b9   0x28  Code  Gb  stm32f3xx_hal_tim_ex.o [1]
HAL_TIM_Base_Init       0x08003255   0x34  Code  Gb  stm32f3xx_hal_tim.o [1]
HAL_TIM_Base_MspInit    0x08001321   0xb2  Code  Gb  stm32f3xx_hal_msp.o [1]
HAL_TIM_Base_Start_IT   0x08003289   0x16  Code  Gb  stm32f3xx_hal_tim.o [1]
HAL_TIM_Base_Stop_IT    0x0800329f   0x2e  Code  Gb  stm32f3xx_hal_tim.o [1]
HAL_TIM_ConfigClockSource
                        0x080033e9  0x1a0  Code  Gb  stm32f3xx_hal_tim.o [1]
HAL_TIM_MspPostInit     0x080013d3   0xb6  Code  Gb  stm32f3xx_hal_msp.o [1]
HAL_TIM_PWM_ConfigChannel
                        0x080037e1  0x146  Code  Gb  stm32f3xx_hal_tim_ex.o [1]
HAL_TIM_PWM_Init        0x080032cd   0x34  Code  Gb  stm32f3xx_hal_tim.o [1]
HAL_TIM_PWM_MspInit     0x080012ff   0x22  Code  Gb  stm32f3xx_hal_msp.o [1]
HAL_TIM_PWM_Start       0x08003301   0x4c  Code  Gb  stm32f3xx_hal_tim.o [1]
HAL_TIM_PWM_Stop        0x0800334d   0x88  Code  Gb  stm32f3xx_hal_tim.o [1]
HAL_TIM_PeriodElapsedCallback
                        0x080028e5   0xac  Code  Gb  system.o [1]
HAL_UART_DeInit         0x08004271   0x3c  Code  Gb  stm32f3xx_hal_uart.o [1]
HAL_UART_Init           0x08004209   0x68  Code  Gb  stm32f3xx_hal_uart.o [1]
HAL_UART_MspInit        0x08001489   0x54  Code  Gb  stm32f3xx_hal_msp.o [1]
HAL_UART_RxCpltCallback
                        0x08002991    0xa  Code  Gb  system.o [1]
HAL_WWDG_Init           0x08003a31   0x44  Code  Gb  stm32f3xx_hal_wwdg.o [1]
HAL_WWDG_MspInit        0x080014dd   0x2e  Code  Gb  stm32f3xx_hal_msp.o [1]
HAL_WWDG_Refresh        0x08003a9d   0x2a  Code  Gb  stm32f3xx_hal_wwdg.o [1]
HAL_WWDG_Start          0x08003a75   0x28  Code  Gb  stm32f3xx_hal_wwdg.o [1]
HRTIM_OutputConfig      0x08004169   0x9a  Code  Lc  stm32f3xx_hal_hrtim.o [1]
HRTIM_TimingUnitWaveform_Config
                        0x0800404d  0x11a  Code  Lc  stm32f3xx_hal_hrtim.o [1]
IgnoreLedCurrent        0x20000ae5    0x1  Data  Gb  system.o [1]
Ki                      0x20000b30    0x4  Data  Gb  system.o [1]
Kp                      0x20000b2c    0x4  Data  Gb  system.o [1]
LedCurrent              0x20000b3c    0x4  Data  Gb  system.o [1]
LedCurrentErrorI        0x20000b20    0x4  Data  Gb  system.o [1]
LedCurrentErrorP        0x20000b1c    0x4  Data  Gb  system.o [1]
LedCurrentGain          0x20000b34    0x4  Data  Gb  system.o [1]
LedCurrentGainI         0x20000b28    0x4  Data  Gb  system.o [1]
LedCurrentGainP         0x20000b24    0x4  Data  Gb  system.o [1]
LedI                    0x20000ad0   0x10  Data  Gb  system.o [1]
LedI_CurrTh             0x20000b38    0x4  Data  Gb  system.o [1]
LedI_Th                 0x20000000    0x4  Data  Gb  led.o [1]
LedStateChange          0x200007eb    0x1  Data  Gb  state.o [1]
LedStateChangeTick      0x200007fc    0x4  Data  Gb  state.o [1]
Led_default             0x200007f0    0x1  Data  Gb  state.o [1]
LightDim                0x200014bf    0x1  Data  Gb  system.o [1]
LightOn                 0x200014be    0x1  Data  Gb  system.o [1]
MpptBattCurrArray       0x20000014  0x7d0  Data  Gb  mppt.o [1]
MpptBattMaxCurr         0x20000006    0x2  Data  Gb  mppt.o [1]
MpptBattMaxVolt         0x20000008    0x2  Data  Gb  mppt.o [1]
MpptPwmDutyCurr         0x2000000c    0x2  Data  Gb  mppt.o [1]
MpptPwmDutyMax          0x2000000a    0x2  Data  Gb  mppt.o [1]
MpptPwmDutyRef          0x2000000e    0x2  Data  Gb  mppt.o [1]
MpptSign                0x20000005    0x1  Data  Gb  mppt.o [1]
MpptStage               0x20000004    0x1  Data  Gb  mppt.o [1]
PacketRxData            0x2000140c   0x14  Data  Gb  connectivity.o [1]
PacketTxData            0x200013f4   0x14  Data  Gb  connectivity.o [1]
PanelMinVoltage         0x20000c0e    0x2  Data  Gb  panel.o [1]
PanelMpptVoltage        0x20000c10    0x2  Data  Gb  panel.o [1]
PanelVoltage            0x200014ba    0x2  Data  Gb  panel.o [1]
Region$$Table$$Base     0x08005c68          --   Gb  - Linker created -
Region$$Table$$Limit    0x08005c88          --   Gb  - Linker created -
RxQ                     0x20000c14  0x3f0  Data  Gb  connectivity.o [1]
SM_ThreeSl              0x080057f9  0x108  Code  Gb  state.o [1]
SM_ThreeSl::changeState
                        0x200007f6    0x1  Data  Lc  state.o [1]
SM_ThreeSl::changeStateTick
                        0x20000844    0x4  Data  Lc  state.o [1]
SM_ThreeSl::currLedOnFlag
                        0x200007f5    0x1  Data  Lc  state.o [1]
SM_ThreeSl::prevLedOnFlag
                        0x200007f4    0x1  Data  Lc  state.o [1]
Sp1mlUart               0x20000b70   0x70  Data  Gb  system.o [1]
StateFlags_AcDcLd       0x200014bc    0x1  Data  Gb  ac_dc_ld.o [1]
StateFlags_Battery      0x20000c12    0x1  Data  Gb  battery.o [1]
StateFlags_DcDcLd       0x200014b0    0x1  Data  Gb  dc_dc_ld.o [1]
StateFlags_Led          0x200014bd    0x1  Data  Gb  led.o [1]
StateFlags_Panel        0x20000c13    0x1  Data  Gb  panel.o [1]
StateTable_Conn         0x20000828    0x8  Data  Lc  state.o [1]
StateTable_LED          0x20000800   0x14  Data  Lc  state.o [1]
StateTable_SCC          0x20000814   0x14  Data  Lc  state.o [1]
State_BatteryStatus     0x200007ee    0x1  Data  Gb  state.o [1]
State_SensorStatus      0x200007ed    0x1  Data  Gb  state.o [1]
State_SubSystem         0x200007ec    0x1  Data  Gb  state.o [1]
SysTick_Handler         0x08002a41   0x12  Code  Gb  stm32f3xx_it.o [1]
SystemClock_Config      0x08001b25   0x7a  Code  Gb  system.o [1]
SystemCoreClock         0x20000bf8    0x4  Data  Gb  system_stm32f3xx.o [1]
SystemInit              0x08005ab5   0x5a  Code  Gb  system_stm32f3xx.o [1]
TIM1_TRG_COM_TIM17_IRQHandler
                        0x08002a6f   0x16  Code  Gb  stm32f3xx_it.o [1]
TIM_Base_SetConfig      0x0800358d   0x74  Code  Gb  stm32f3xx_hal_tim.o [1]
TIM_OC1_SetConfig       0x08003601   0x76  Code  Gb  stm32f3xx_hal_tim.o [1]
TIM_OC2_SetConfig       0x08003677   0x66  Code  Gb  stm32f3xx_hal_tim.o [1]
TIM_OC3_SetConfig       0x080036dd   0x64  Code  Gb  stm32f3xx_hal_tim.o [1]
TIM_OC4_SetConfig       0x08003741   0x54  Code  Gb  stm32f3xx_hal_tim.o [1]
TIM_OC5_SetConfig       0x08003971   0x52  Code  Lc  stm32f3xx_hal_tim_ex.o [1]
TIM_OC6_SetConfig       0x080039c3   0x54  Code  Lc  stm32f3xx_hal_tim_ex.o [1]
TS_CAL1_H               0x20000ae8    0x4  Data  Gb  system.o [1]
TS_CAL1_L               0x20000aec    0x4  Data  Gb  system.o [1]
TS_CAL2_H               0x20000af0    0x4  Data  Gb  system.o [1]
TS_CAL2_L               0x20000af4    0x4  Data  Gb  system.o [1]
TempCal1H               0x20000ae1    0x1  Data  Gb  system.o [1]
TempCal1L               0x20000ae0    0x1  Data  Gb  system.o [1]
TempCal2H               0x20000ae3    0x1  Data  Gb  system.o [1]
TempCal2L               0x20000ae2    0x1  Data  Gb  system.o [1]
TempOffset              0x20000afc    0x4  Data  Gb  system.o [1]
TempSlope               0x20000af8    0x4  Data  Gb  system.o [1]
Temperature             0x20000b00    0x4  Data  Gb  system.o [1]
ThreeSL_State           0x200007e4    0x4  Data  Gb  state.o [1]
ThreeSlDcDcLdLoopTim    0x2000089c   0x3c  Data  Gb  system.o [1]
ThreeSlLedAnaDimTim     0x200009a4   0x3c  Data  Gb  system.o [1]
ThreeSlLedEnTim         0x20000968   0x3c  Data  Gb  system.o [1]
ThreeSlSccTim           0x200008f0   0x3c  Data  Lc  system.o [1]
ThreeSlSccTimAcutalDuty
                        0x20000ae6    0x2  Data  Gb  system.o [1]
Tick_10                 0x20000be2    0x2  Data  Gb  system.o [1]
Tick_1000s              0x20000bec    0x4  Data  Gb  system.o [1]
Tick_1h                 0x20000bf0    0x4  Data  Gb  system.o [1]
Tick_Flag               0x20000bf4    0x4  Data  Gb  system.o [1]
TxQ                     0x20001004  0x3f0  Data  Gb  connectivity.o [1]
UART_AdvFeatureConfig   0x08004431   0xc6  Code  Gb  stm32f3xx_hal_uart.o [1]
UART_CheckIdleState     0x080044f9   0x9a  Code  Gb  stm32f3xx_hal_uart.o [1]
UART_SetConfig          0x080042b1  0x162  Code  Gb  stm32f3xx_hal_uart.o [1]
USART3_IRQHandler       0x08002a85   0x10  Code  Gb  stm32f3xx_it.o [1]
Uart_ResetCount         0x20000be8    0x4  Data  Gb  system.o [1]
Uart_Wait_Tick          0x20000be4    0x4  Data  Gb  system.o [1]
VoltageRef              0x20000010    0x2  Data  Gb  mppt.o [1]
WWDG_IRQHandler         0x08002a95    0xc  Code  Gb  stm32f3xx_it.o [1]
WwdgHandle              0x200009e0   0x14  Data  Gb  system.o [1]
__aeabi_d2iz            0x080048e1         Code  Gb  DblToS32.o [4]
__aeabi_dadd            0x08004ccd         Code  Gb  DblAdd.o [4]
__aeabi_dmul            0x0800473d         Code  Gb  DblMul.o [4]
__aeabi_i2d             0x08004ca9         Code  Gb  S32ToDbl.o [4]
__aeabi_ui2d            0x08004721         Code  Gb  U32ToDbl.o [4]
__cmain                 0x08005c89         Code  Gb  cmain.o [5]
__exit                  0x08005cbd   0x14  Code  Gb  exit.o [6]
__iar_dadd              0x08004e45         Code  Gb  DblSub.o [4]
__iar_data_init3        0x08005c1d   0x28  Code  Gb  data_init.o [5]
__iar_dsub              0x08004cdd         Code  Gb  DblAdd.o [4]
__iar_dsubStart         0x08004cef         Code  Gb  DblAdd.o [4]
__iar_init_vfp          0x08005c45         Code  Gb  fpinit_M.o [4]
__iar_packbits_init_single3
                        0x08005be5   0x38  Code  Gb  packbits_init_single.o [5]
__iar_program_start     0x08005ce1         Code  Gb  cstartup_M.o [5]
__iar_systems$$module {Abs}
                        0x00000001         Data  Gb  command line/config [2]
__iar_zero_init3        0x08005ba5   0x40  Code  Gb  zero_init3.o [5]
__low_level_init        0x08005ca7    0x4  Code  Gb  low_level_init.o [3]
__vector_table          0x08000000         Data  Gb  startup_stm32f334x8.o [1]
_call_main              0x08005c95         Code  Gb  cmain.o [5]
_exit                   0x08005cb1         Code  Gb  cexit.o [5]
_main                   0x08005ca3         Code  Gb  cmain.o [5]
aAPBAHBPrescTable       0x080030f0   0x10  Data  Gb  stm32f3xx_hal_rcc.o [1]
aPLLMULFactorTable      0x08003100   0x10  Data  Gb  stm32f3xx_hal_rcc.o [1]
aPredivFactorTable      0x08003110   0x10  Data  Gb  stm32f3xx_hal_rcc.o [1]
ac_dc_ld_GetFlag        0x08005973   0x12  Code  Gb  ac_dc_ld.o [1]
ac_dc_ld_ResetFlag      0x08005967    0xc  Code  Gb  ac_dc_ld.o [1]
ac_dc_ld_SetFlag        0x0800595d    0xa  Code  Gb  ac_dc_ld.o [1]
battery_GetChargngCurrent
                        0x08004617    0x6  Code  Gb  battery.o [1]
battery_GetFlag         0x08004641   0x12  Code  Gb  battery.o [1]
battery_GetFltCurrent   0x08004625    0x6  Code  Gb  battery.o [1]
battery_GetFltVoltage   0x0800460b    0x6  Code  Gb  battery.o [1]
battery_GetMaxCurrent   0x08004611    0x6  Code  Gb  battery.o [1]
battery_GetMaxVoltage   0x080045ff    0x6  Code  Gb  battery.o [1]
battery_GetMinDischrgVoltage
                        0x08004605    0x6  Code  Gb  battery.o [1]
battery_GetMinVoltage   0x080045f9    0x6  Code  Gb  battery.o [1]
battery_GetVoltage      0x08004595    0x6  Code  Gb  battery.o [1]
battery_ResetFlag       0x08004635    0xc  Code  Gb  battery.o [1]
battery_SetFlag         0x0800462b    0xa  Code  Gb  battery.o [1]
battery_UpdateChgCurrent
                        0x0800461d    0x8  Code  Gb  battery.o [1]
battery_UpdateVoltage   0x0800459b   0x5e  Code  Gb  battery.o [1]
conn_ExtractPacket      0x0800499d  0x14e  Code  Gb  connectivity.o [1]
conn_GetPacketData      0x08004afb    0xa  Code  Gb  connectivity.o [1]
conn_GetReadPacketDataStatus
                        0x08004af3    0x8  Code  Gb  connectivity.o [1]
conn_PacketHandler      0x08004955   0x48  Code  Gb  connectivity.o [1]
conn_ReadData           0x0800491d   0x38  Code  Gb  connectivity.o [1]
conn_ResetConn          0x08004c03   0x26  Code  Gb  connectivity.o [1]
conn_SetPacketData      0x08004b05    0xa  Code  Gb  connectivity.o [1]
conn_SetReadPacketDataStatus
                        0x08004aeb    0x8  Code  Gb  connectivity.o [1]
conn_SetSendPacketStatus
                        0x08004b11   0xf2  Code  Gb  connectivity.o [1]
countBattLow            0x200007f8    0x2  Data  Gb  state.o [1]
currentBattState        0x200007ef    0x1  Data  Gb  state.o [1]
dc_dc_ld_GetFlag        0x0800470b   0x12  Code  Gb  dc_dc_ld.o [1]
dc_dc_ld_GetOutVoltage  0x080046ef    0x6  Code  Gb  dc_dc_ld.o [1]
dc_dc_ld_ResetFlag      0x080046ff    0xc  Code  Gb  dc_dc_ld.o [1]
dc_dc_ld_SetFlag        0x080046f5    0xa  Code  Gb  dc_dc_ld.o [1]
dc_dc_ld_UpdateOutVoltage
                        0x080046d5   0x1a  Code  Gb  dc_dc_ld.o [1]
exit                    0x08005cab    0x4  Code  Gb  exit.o [3]
hadc1                   0x20000848   0x54  Data  Gb  system.o [1]
hadc1Pr                 0x20001420   0x54  Data  Gb  system.o [1]
hdma_adc1               0x20001478   0x38  Data  Gb  system.o [1]
hhrtim1                 0x200009f4   0xdc  Data  Gb  system.o [1]
htm16                   0x2000092c   0x3c  Data  Gb  system.o [1]
led_GetFlag             0x08004c53   0x12  Code  Gb  led.o [1]
led_GetThreshI          0x08004c31    0x6  Code  Gb  led.o [1]
led_ResetFlag           0x08004c47    0xc  Code  Gb  led.o [1]
led_SetFlag             0x08004c3d    0xa  Code  Gb  led.o [1]
led_SetThreshI          0x08004c37    0x6  Code  Gb  led.o [1]
main                    0x08005b25   0x4a  Code  Gb  main.o [1]
mppt_Reinit             0x08005aa9    0x8  Code  Gb  mppt.o [1]
mppt_Routine            0x08005989  0x120  Code  Gb  mppt.o [1]
panel_GetFlag           0x080046b1   0x12  Code  Gb  panel.o [1]
panel_GetMinVoltage     0x08004689    0x6  Code  Gb  panel.o [1]
panel_GetMpptVoltage    0x08004695    0x6  Code  Gb  panel.o [1]
panel_GetVoltage        0x0800468f    0x6  Code  Gb  panel.o [1]
panel_ResetFlag         0x080046a5    0xc  Code  Gb  panel.o [1]
panel_SetFlag           0x0800469b    0xa  Code  Gb  panel.o [1]
panel_UpdateVoltage     0x08004681    0x8  Code  Gb  panel.o [1]
state_BattChg_SCC       0x080051a7  0x15a  Code  Lc  state.o [1]
state_BattChg_SCC::pwmDuty
                        0x200007fa    0x2  Data  Lc  state.o [1]
state_Conn_On           0x0800532d  0x4cc  Code  Lc  state.o [1]
state_Critical_Led      0x08005135   0x36  Code  Lc  state.o [1]
state_Critical_SCC      0x08005301   0x18  Code  Lc  state.o [1]
state_FacSetting_Led    0x08004f19    0x2  Code  Lc  state.o [1]
state_FacSetting_SCC    0x0800516b    0xa  Code  Lc  state.o [1]
state_Off_Led           0x08004f1b   0x1c  Code  Lc  state.o [1]
state_Off_SCC           0x08005175   0x14  Code  Lc  state.o [1]
state_On_Led            0x08004fab  0x18a  Code  Lc  state.o [1]
state_On_Led::changeDim
                        0x200007f3    0x1  Data  Lc  state.o [1]
state_On_Led::changeDimTick
                        0x20000840    0x4  Data  Lc  state.o [1]
state_On_Led::currLedDimFlag
                        0x200007f2    0x1  Data  Lc  state.o [1]
state_On_Led::prevLedDimFlag
                        0x200007f1    0x1  Data  Lc  state.o [1]
state_StartUp_Conn      0x08005319   0x14  Code  Lc  state.o [1]
state_StartUp_Led       0x08004f37   0x74  Code  Lc  state.o [1]
state_StartUp_SCC       0x08005189   0x1e  Code  Lc  state.o [1]
system_ADC1_Init        0x08001fb1   0xf4  Code  Lc  system.o [1]
system_AcDcLdDisable    0x0800272d    0xa  Code  Gb  system.o [1]
system_AcDcLdEnable     0x08002737    0xa  Code  Gb  system.o [1]
system_AcDcLdOutDisable
                        0x08002741    0xc  Code  Gb  system.o [1]
system_AcDcLdOutEnable  0x0800274d   0x18  Code  Gb  system.o [1]
system_AcDcSetDim       0x08002765   0x16  Code  Gb  system.o [1]
system_CalcBattCurrK    0x080024e5    0xe  Code  Gb  system.o [1]
system_CalcBattDischgCurrent
                        0x080024f3   0x56  Code  Gb  system.o [1]
system_CheckPanelReverse
                        0x080023e5  0x100  Code  Gb  system.o [1]
system_CheckPanelReverse::reversePanelChVal
                        0x20001474    0x4  Data  Lc  system.o [1]
system_DcDcLdEnable     0x0800265b   0x52  Code  Gb  system.o [1]
system_DcDcLdOutDisable
                        0x080026ad   0x38  Code  Gb  system.o [1]
system_DcDcLdOutEnable  0x080026e5   0x22  Code  Gb  system.o [1]
system_DcDcLdSet        0x080025f1   0x6a  Code  Gb  system.o [1]
system_DcDcStartRegulate
                        0x08002707   0x26  Code  Gb  system.o [1]
system_DisableCharging  0x08002577    0xa  Code  Gb  system.o [1]
system_EnableCharging   0x08002581    0xa  Code  Gb  system.o [1]
system_GPIO_Init        0x08001e91  0x120  Code  Lc  system.o [1]
system_GetBattTick_10   0x08002819    0x8  Code  Gb  system.o [1]
system_GetBattTick_1000s
                        0x0800282d    0x8  Code  Gb  system.o [1]
system_GetSccPwm        0x0800258b   0x12  Code  Gb  system.o [1]
system_GetServerLightCommand
                        0x0800277b    0x6  Code  Gb  system.o [1]
system_GetServerLightDimCommand
                        0x08002787    0x6  Code  Gb  system.o [1]
system_GetTemperature   0x080025db    0xc  Code  Gb  system.o [1]
system_GetUartWaitTick  0x08002793    0x6  Code  Gb  system.o [1]
system_HRTIM1_Init      0x080020a9  0x180  Code  Lc  system.o [1]
system_Init             0x08001ba1  0x2f0  Code  Gb  system.o [1]
system_Monitor          0x08002263   0x54  Code  Gb  system.o [1]
system_PanelDisable     0x08002549    0xc  Code  Gb  system.o [1]
system_PanelEnable      0x08002555   0x22  Code  Gb  system.o [1]
system_ResetConn        0x080027b5   0x60  Code  Gb  system.o [1]
system_ResetUartTick    0x08002799    0x8  Code  Gb  system.o [1]
system_SetBattTick_10   0x08002825    0x8  Code  Gb  system.o [1]
system_SetBattTick_1000s
                        0x08002835    0x8  Code  Gb  system.o [1]
system_SetIgnoreLedCurrent
                        0x080025e7    0xa  Code  Gb  system.o [1]
system_SetSccPwm        0x0800259d   0x3e  Code  Gb  system.o [1]
system_SetServerLightCommand
                        0x08002781    0x6  Code  Gb  system.o [1]
system_SetServerLightDimCommand
                        0x0800278d    0x6  Code  Gb  system.o [1]
system_TransmitUartData
                        0x080027a1   0x14  Code  Gb  system.o [1]
system_USART3_UART_Init
                        0x08002229   0x3a  Code  Lc  system.o [1]
system_UpdateSysParams  0x080022b7  0x12e  Code  Gb  system.o [1]
system_UpdateSysParams::battChgCurr
                        0x20000b4c    0x4  Data  Lc  system.o [1]
system_UpdateSysParams::battVolt
                        0x20000b44    0x4  Data  Lc  system.o [1]
system_UpdateSysParams::countBattChgCurr
                        0x20000b50    0x4  Data  Lc  system.o [1]
system_UpdateSysParams::countBattVolt
                        0x20000b48    0x4  Data  Lc  system.o [1]
system_UpdateSysParams::countLdOutVolt
                        0x20000b60    0x4  Data  Lc  system.o [1]
system_UpdateSysParams::countPanelVolt
                        0x20000b58    0x4  Data  Lc  system.o [1]
system_UpdateSysParams::countTempSensor
                        0x20000b68    0x4  Data  Lc  system.o [1]
system_UpdateSysParams::ldOutVolt
                        0x20000b5c    0x4  Data  Lc  system.o [1]
system_UpdateSysParams::panelVolt
                        0x20000b54    0x4  Data  Lc  system.o [1]
system_UpdateSysParams::tempSensor
                        0x20000b64    0x4  Data  Lc  system.o [1]
uwTick                  0x200014b4    0x4  Data  Lc  stm32f3xx_hal.o [1]


[1] = E:\60W Node Latest Commit for Ref\3slnode-stmicro\LT.LED0038.16_FW\EWARM\HRTIM_test_master\Obj
[2] = command line
[3] = dl7M_tlf.a
[4] = m7M_tls.a
[5] = rt7M_tl.a
[6] = shb_l.a

  23 962 bytes of readonly  code memory
     235 bytes of readonly  data memory
   5 824 bytes of readwrite data memory

Errors: none
Warnings: none
